Component: ARM Compiler 5.06 update 6 (build 750) Tool: armlink [4d35ed]

==============================================================================

Section Cross References

    main.o(i.high_task_entry) refers to lcd.o(i.LCD_DrawRectangle) for LCD_DrawRectangle
    main.o(i.high_task_entry) refers to lcd.o(i.LCD_DrawLine) for LCD_DrawLine
    main.o(i.high_task_entry) refers to lcd.o(i.LCD_ShowString) for LCD_ShowString
    main.o(i.high_task_entry) refers to lcd.o(i.LCD_Fill) for LCD_Fill
    main.o(i.high_task_entry) refers to mos_ipc.o(i.mos_ipc_mutex_take) for mos_ipc_mutex_take
    main.o(i.high_task_entry) refers to bsp_led.o(i.led1_on) for led1_on
    main.o(i.high_task_entry) refers to lcd.o(i.LCD_Draw_Circle) for LCD_Draw_Circle
    main.o(i.high_task_entry) refers to mos_task.o(i.mos_task_delay) for mos_task_delay
    main.o(i.high_task_entry) refers to mos_ipc.o(i.mos_ipc_mutex_give) for mos_ipc_mutex_give
    main.o(i.high_task_entry) refers to bsp_led.o(i.led1_off) for led1_off
    main.o(i.high_task_entry) refers to lcd.o(.data) for POINT_COLOR
    main.o(i.high_task_entry) refers to main.o(.data) for .data
    main.o(i.low_task_entry) refers to lcd.o(i.LCD_DrawRectangle) for LCD_DrawRectangle
    main.o(i.low_task_entry) refers to lcd.o(i.LCD_DrawLine) for LCD_DrawLine
    main.o(i.low_task_entry) refers to lcd.o(i.LCD_ShowString) for LCD_ShowString
    main.o(i.low_task_entry) refers to lcd.o(i.LCD_Fill) for LCD_Fill
    main.o(i.low_task_entry) refers to lcd.o(i.LCD_Draw_Circle) for LCD_Draw_Circle
    main.o(i.low_task_entry) refers to mos_task.o(i.mos_task_delay) for mos_task_delay
    main.o(i.low_task_entry) refers to lcd.o(.data) for POINT_COLOR
    main.o(i.main) refers to misc.o(i.NVIC_PriorityGroupConfig) for NVIC_PriorityGroupConfig
    main.o(i.main) refers to mos_port_asm.o(.text) for mos_port_interrupt_disable
    main.o(i.main) refers to mos_init.o(i.mos_init_core) for mos_init_core
    main.o(i.main) refers to bsp_led.o(i.led_init) for led_init
    main.o(i.main) refers to bsp_delay.o(i.delay_init) for delay_init
    main.o(i.main) refers to lcd.o(i.LCD_Init) for LCD_Init
    main.o(i.main) refers to lcd.o(i.LCD_ShowString) for LCD_ShowString
    main.o(i.main) refers to mos_ipc.o(i.mos_ipc_mutex_creat) for mos_ipc_mutex_creat
    main.o(i.main) refers to mos_task.o(i.mos_task_create) for mos_task_create
    main.o(i.main) refers to mos_task.o(i.mos_task_scheduler_start) for mos_task_scheduler_start
    main.o(i.main) refers to main.o(.data) for .data
    main.o(i.main) refers to main.o(i.high_task_entry) for high_task_entry
    main.o(i.main) refers to main.o(.bss) for .bss
    main.o(i.main) refers to main.o(i.middle_task_entry) for middle_task_entry
    main.o(i.main) refers to main.o(i.low_task_entry) for low_task_entry
    main.o(i.middle_task_entry) refers to lcd.o(i.LCD_DrawRectangle) for LCD_DrawRectangle
    main.o(i.middle_task_entry) refers to lcd.o(i.LCD_DrawLine) for LCD_DrawLine
    main.o(i.middle_task_entry) refers to lcd.o(i.LCD_ShowString) for LCD_ShowString
    main.o(i.middle_task_entry) refers to lcd.o(i.LCD_Fill) for LCD_Fill
    main.o(i.middle_task_entry) refers to mos_ipc.o(i.mos_ipc_mutex_take) for mos_ipc_mutex_take
    main.o(i.middle_task_entry) refers to bsp_led.o(i.led2_on) for led2_on
    main.o(i.middle_task_entry) refers to lcd.o(i.LCD_Draw_Circle) for LCD_Draw_Circle
    main.o(i.middle_task_entry) refers to mos_task.o(i.mos_task_delay) for mos_task_delay
    main.o(i.middle_task_entry) refers to mos_ipc.o(i.mos_ipc_mutex_give) for mos_ipc_mutex_give
    main.o(i.middle_task_entry) refers to bsp_led.o(i.led2_off) for led2_off
    main.o(i.middle_task_entry) refers to lcd.o(.data) for POINT_COLOR
    main.o(i.middle_task_entry) refers to main.o(.data) for .data
    bsp_led.o(i.led1_off) refers to stm32f10x_gpio.o(i.GPIO_SetBits) for GPIO_SetBits
    bsp_led.o(i.led1_on) refers to stm32f10x_gpio.o(i.GPIO_ResetBits) for GPIO_ResetBits
    bsp_led.o(i.led2_off) refers to stm32f10x_gpio.o(i.GPIO_SetBits) for GPIO_SetBits
    bsp_led.o(i.led2_on) refers to stm32f10x_gpio.o(i.GPIO_ResetBits) for GPIO_ResetBits
    bsp_led.o(i.led_init) refers to stm32f10x_rcc.o(i.RCC_APB2PeriphClockCmd) for RCC_APB2PeriphClockCmd
    bsp_led.o(i.led_init) refers to stm32f10x_gpio.o(i.GPIO_Init) for GPIO_Init
    bsp_led.o(i.led_init) refers to stm32f10x_gpio.o(i.GPIO_SetBits) for GPIO_SetBits
    bsp_timer.o(i.TIM3_Int_Init) refers to stm32f10x_rcc.o(i.RCC_APB1PeriphClockCmd) for RCC_APB1PeriphClockCmd
    bsp_timer.o(i.TIM3_Int_Init) refers to stm32f10x_tim.o(i.TIM_TimeBaseInit) for TIM_TimeBaseInit
    bsp_timer.o(i.TIM3_Int_Init) refers to stm32f10x_tim.o(i.TIM_ClearITPendingBit) for TIM_ClearITPendingBit
    bsp_timer.o(i.TIM3_Int_Init) refers to stm32f10x_tim.o(i.TIM_ITConfig) for TIM_ITConfig
    bsp_timer.o(i.TIM3_Int_Init) refers to misc.o(i.NVIC_Init) for NVIC_Init
[...]
    mos_sys.o(i.mos_sys_interrupt_enter) refers to mos_sys.o(.data) for .data
    mos_sys.o(i.mos_sys_interrupt_leave) refers to mos_port_asm.o(.text) for mos_port_interrupt_disable_temp
    mos_sys.o(i.mos_sys_interrupt_leave) refers to mos_sys.o(.data) for .data
    mos_tick.o(i.mos_tick_delay_process) refers to mos_task.o(i.mos_task_remove_ready_table_list) for mos_task_remove_ready_table_list
    mos_tick.o(i.mos_tick_delay_process) refers to mos_task.o(i.mos_task_insert_delay_list) for mos_task_insert_delay_list
    mos_tick.o(i.mos_tick_delay_process) refers to mos_tick.o(.data) for .data
    mos_tick.o(i.mos_tick_delay_process) refers to mos_task.o(.data) for g_cur_task_tcb
    mos_tick.o(i.mos_tick_get_cur_tick_count) refers to mos_tick.o(.data) for .data
    mos_tick.o(i.mos_tick_systick_handler) refers to mos_sys.o(i.mos_sys_interrupt_enter) for mos_sys_interrupt_enter
    mos_tick.o(i.mos_tick_systick_handler) refers to mos_tick.o(i.mos_tick_tickcount_increase) for mos_tick_tickcount_increase
    mos_tick.o(i.mos_tick_systick_handler) refers to mos_task.o(i.mos_task_scheduler) for mos_task_scheduler
    mos_tick.o(i.mos_tick_systick_handler) refers to mos_sys.o(i.mos_sys_interrupt_leave) for mos_sys_interrupt_leave
    mos_tick.o(i.mos_tick_systick_init) refers to mos_port.o(i.mos_port_systick_init) for mos_port_systick_init
    mos_tick.o(i.mos_tick_systick_init) refers to mos_tick.o(.data) for .data
    mos_tick.o(i.mos_tick_tickcount_increase) refers to mos_tick.o(i.mos_list_is_empty) for mos_list_is_empty
    mos_tick.o(i.mos_tick_tickcount_increase) refers to mos_tick.o(i.mos_list_node_delete) for mos_list_node_delete
    mos_tick.o(i.mos_tick_tickcount_increase) refers to mos_task.o(i.mos_task_insert_ready_table_list) for mos_task_insert_ready_table_list
    mos_tick.o(i.mos_tick_tickcount_increase) refers to mos_tick.o(.data) for .data
    mos_tick.o(i.mos_tick_tickcount_increase) refers to mos_task.o(.data) for g_mos_task_delay_list
    mos_shell.o(i.mos_shell_cmd) refers to mos_misc.o(i.mos_strcmp) for mos_strcmp
    mos_shell.o(i.mos_shell_cmd) refers to mos_shell.o(i.mos_shell_ls_cmd) for mos_shell_ls_cmd
    mos_shell.o(i.mos_shell_cmd) refers to mos_shell.o(i.mos_shell_help_cmd) for mos_shell_help_cmd
    mos_shell.o(i.mos_shell_cmd) refers to mos_shell.o(i.mos_shell_task_cmd) for mos_shell_task_cmd
    mos_shell.o(i.mos_shell_cmd) refers to mos_shell.o(i.mos_shell_ipc_cmd) for mos_shell_ipc_cmd
    mos_shell.o(i.mos_shell_cmd) refers to mos_heap.o(i.mos_get_heap_total_size) for mos_get_heap_total_size
    mos_shell.o(i.mos_shell_cmd) refers to mos_misc.o(i.mos_printf) for mos_printf
    mos_shell.o(i.mos_shell_cmd) refers to mos_heap.o(i.mos_get_heap_free_size) for mos_get_heap_free_size
    mos_shell.o(i.mos_shell_cmd) refers to mos_tick.o(i.mos_tick_get_cur_tick_count) for mos_tick_get_cur_tick_count
    mos_shell.o(i.mos_shell_cmd) refers to mos_misc.o(i.mos_memset) for mos_memset
    mos_shell.o(i.mos_shell_cmd) refers to mos_shell.o(.data) for .data
    mos_shell.o(i.mos_shell_help_cmd) refers to mos_misc.o(i.mos_printf) for mos_printf
    mos_shell.o(i.mos_shell_help_cmd) refers to mos_shell.o(i.mos_shell_cmd) for i.mos_shell_cmd
    mos_shell.o(i.mos_shell_init) refers to mos_heap.o(i.mos_malloc) for mos_malloc
    mos_shell.o(i.mos_shell_init) refers to mos_shell.o(.data) for .data
    mos_shell.o(i.mos_shell_ipc_cmd) refers to mos_misc.o(i.mos_strcmp) for mos_strcmp
    mos_shell.o(i.mos_shell_ipc_cmd) refers to mos_misc.o(i.mos_printf) for mos_printf
    mos_shell.o(i.mos_shell_ipc_cmd) refers to mos_shell.o(.data) for .data
    mos_shell.o(i.mos_shell_ls_cmd) refers to mos_misc.o(i.mos_printf) for mos_printf
    mos_shell.o(i.mos_shell_ls_cmd) refers to system_stm32f10x.o(.data) for SystemCoreClock
    mos_shell.o(i.mos_shell_ls_cmd) refers to mos_shell.o(i.mos_shell_cmd) for i.mos_shell_cmd
    mos_shell.o(i.mos_shell_process) refers to mos_misc.o(i.mos_printf) for mos_printf
    mos_shell.o(i.mos_shell_process) refers to mos_shell.o(i.mos_shell_cmd) for mos_shell_cmd
    mos_shell.o(i.mos_shell_process) refers to mos_shell.o(.data) for .data
    mos_shell.o(i.mos_shell_process) refers to mos_shell.o(.bss) for .bss
    mos_shell.o(i.mos_shell_task_cmd) refers to mos_misc.o(i.mos_strcmp) for mos_strcmp
    mos_shell.o(i.mos_shell_task_cmd) refers to mos_misc.o(i.mos_printf) for mos_printf
    mos_shell.o(i.mos_shell_task_cmd) refers to mos_shell.o(.data) for .data
    mos_port.o(i.SysTick_Handler) refers to mos_tick.o(i.mos_tick_systick_handler) for mos_tick_systick_handler
    mos_port.o(i.USART1_IRQHandler) refers to mos_port_asm.o(.text) for mos_port_interrupt_disable_temp
    mos_port.o(i.USART1_IRQHandler) refers to stm32f10x_usart.o(i.USART_GetITStatus) for USART_GetITStatus
    mos_port.o(i.USART1_IRQHandler) refers to stm32f10x_usart.o(i.USART_ClearITPendingBit) for USART_ClearITPendingBit
    mos_port.o(i.USART1_IRQHandler) refers to stm32f10x_usart.o(i.USART_ReceiveData) for USART_ReceiveData
    mos_port.o(i.USART1_IRQHandler) refers to mos_shell.o(i.mos_shell_process) for mos_shell_process
    mos_port.o(i.mos_port_bsp_init) refers to bsp_usart.o(i.shell_uart1_init) for shell_uart1_init
    mos_port.o(i.mos_port_output) refers to stm32f10x_usart.o(i.USART_SendData) for USART_SendData
    mos_port.o(i.mos_port_output) refers to stm32f10x_usart.o(i.USART_GetFlagStatus) for USART_GetFlagStatus
    mos_port.o(i.mos_port_systick_init) refers to system_stm32f10x.o(.data) for SystemCoreClock
    mos_hw.o(i.mos_hw_stack_init) refers to mos_misc.o(i.mos_memset) for mos_memset
    mos_hw.o(i.mos_hw_stack_init) refers to mos_hw.o(i.mos_hw_task_exit_error) for mos_hw_task_exit_error
    mos_port_asm.o(.text) refers to mos_task.o(i.mos_task_switch_context) for mos_task_switch_context
    mos_port_asm.o(.text) refers to mos_task.o(.data) for g_cur_task_tcb
    stm32f10x_gpio.o(i.GPIO_AFIODeInit) refers to stm32f10x_rcc.o(i.RCC_APB2PeriphResetCmd) for RCC_APB2PeriphResetCmd
    stm32f10x_gpio.o(i.GPIO_DeInit) refers to stm32f10x_rcc.o(i.RCC_APB2PeriphResetCmd) for RCC_APB2PeriphResetCmd
    stm32f10x_rcc.o(i.RCC_GetClocksFreq) refers to stm32f10x_rcc.o(.data) for .data
    stm32f10x_rcc.o(i.RCC_WaitForHSEStartUp) refers to stm32f10x_rcc.o(i.RCC_GetFlagStatus) for RCC_GetFlagStatus
    stm32f10x_tim.o(i.TIM_DeInit) refers to stm32f10x_rcc.o(i.RCC_APB1PeriphResetCmd) for RCC_APB1PeriphResetCmd
    stm32f10x_tim.o(i.TIM_DeInit) refers to stm32f10x_rcc.o(i.RCC_APB2PeriphResetCmd) for RCC_APB2PeriphResetCmd
    stm32f10x_tim.o(i.TIM_ETRClockMode1Config) refers to stm32f10x_tim.o(i.TIM_ETRConfig) for TIM_ETRConfig
    stm32f10x_tim.o(i.TIM_ETRClockMode2Config) refers to stm32f10x_tim.o(i.TIM_ETRConfig) for TIM_ETRConfig
    stm32f10x_tim.o(i.TIM_ICInit) refers to stm32f10x_tim.o(i.TI1_Config) for TI1_Config
    stm32f10x_tim.o(i.TIM_ICInit) refers to stm32f10x_tim.o(i.TIM_SetIC1Prescaler) for TIM_SetIC1Prescaler
    stm32f10x_tim.o(i.TIM_ICInit) refers to stm32f10x_tim.o(i.TI2_Config) for TI2_Config
    stm32f10x_tim.o(i.TIM_ICInit) refers to stm32f10x_tim.o(i.TIM_SetIC2Prescaler) for TIM_SetIC2Prescaler
    stm32f10x_tim.o(i.TIM_ICInit) refers to stm32f10x_tim.o(i.TIM_SetIC3Prescaler) for TIM_SetIC3Prescaler
    stm32f10x_tim.o(i.TIM_ICInit) refers to stm32f10x_tim.o(i.TIM_SetIC4Prescaler) for TIM_SetIC4Prescaler
    stm32f10x_tim.o(i.TIM_ITRxExternalClockConfig) refers to stm32f10x_tim.o(i.TIM_SelectInputTrigger) for TIM_SelectInputTrigger
    stm32f10x_tim.o(i.TIM_PWMIConfig) refers to stm32f10x_tim.o(i.TI2_Config) for TI2_Config
    stm32f10x_tim.o(i.TIM_PWMIConfig) refers to stm32f10x_tim.o(i.TIM_SetIC2Prescaler) for TIM_SetIC2Prescaler
    stm32f10x_tim.o(i.TIM_PWMIConfig) refers to stm32f10x_tim.o(i.TI1_Config) for TI1_Config
    stm32f10x_tim.o(i.TIM_PWMIConfig) refers to stm32f10x_tim.o(i.TIM_SetIC1Prescaler) for TIM_SetIC1Prescaler
    stm32f10x_tim.o(i.TIM_TIxExternalClockConfig) refers to stm32f10x_tim.o(i.TI1_Config) for TI1_Config
    stm32f10x_tim.o(i.TIM_TIxExternalClockConfig) refers to stm32f10x_tim.o(i.TIM_SelectInputTrigger) for TIM_SelectInputTrigger
    stm32f10x_tim.o(i.TIM_TIxExternalClockConfig) refers to stm32f10x_tim.o(i.TI2_Config) for TI2_Config
    stm32f10x_usart.o(i.USART_DeInit) refers to stm32f10x_rcc.o(i.RCC_APB2PeriphResetCmd) for RCC_APB2PeriphResetCmd
    stm32f10x_usart.o(i.USART_DeInit) refers to stm32f10x_rcc.o(i.RCC_APB1PeriphResetCmd) for RCC_APB1PeriphResetCmd
    stm32f10x_usart.o(i.USART_Init) refers to stm32f10x_rcc.o(i.RCC_GetClocksFreq) for RCC_GetClocksFreq
    system_stm32f10x.o(i.SystemCoreClockUpdate) refers to system_stm32f10x.o(.data) for .data
    system_stm32f10x.o(i.SystemInit) refers to system_stm32f10x.o(i.SetSysClockTo72) for SetSysClockTo72
    startup_stm32f10x_hd.o(RESET) refers to startup_stm32f10x_hd.o(STACK) for __initial_sp
    startup_stm32f10x_hd.o(RESET) refers to startup_stm32f10x_hd.o(.text) for Reset_Handler
    startup_stm32f10x_hd.o(RESET) refers to stm32f10x_it.o(i.NMI_Handler) for NMI_Handler
    startup_stm32f10x_hd.o(RESET) refers to stm32f10x_it.o(i.HardFault_Handler) for HardFault_Handler
    startup_stm32f10x_hd.o(RESET) refers to stm32f10x_it.o(i.MemManage_Handler) for MemManage_Handler
    startup_stm32f10x_hd.o(RESET) refers to stm32f10x_it.o(i.BusFault_Handler) for BusFault_Handler
    startup_stm32f10x_hd.o(RESET) refers to stm32f10x_it.o(i.UsageFault_Handler) for UsageFault_Handler
    startup_stm32f10x_hd.o(RESET) refers to mos_port_asm.o(.text) for SVC_Handler
    startup_stm32f10x_hd.o(RESET) refers to stm32f10x_it.o(i.DebugMon_Handler) for DebugMon_Handler
    startup_stm32f10x_hd.o(RESET) refers to mos_port.o(i.SysTick_Handler) for SysTick_Handler
    startup_stm32f10x_hd.o(RESET) refers to mos_port.o(i.USART1_IRQHandler) for USART1_IRQHandler
    startup_stm32f10x_hd.o(.text) refers to system_stm32f10x.o(i.SystemInit) for SystemInit
    startup_stm32f10x_hd.o(.text) refers to entry.o(.ARM.Collect$$$$00000000) for __main
    entry.o(.ARM.Collect$$$$00000000) refers (Special) to entry10a.o(.ARM.Collect$$$$0000000D) for __rt_final_cpp
    entry.o(.ARM.Collect$$$$00000000) refers (Special) to entry11a.o(.ARM.Collect$$$$0000000F) for __rt_final_exit
    entry.o(.ARM.Collect$$$$00000000) refers (Special) to entry7b.o(.ARM.Collect$$$$00000008) for _main_clock
    entry.o(.ARM.Collect$$$$00000000) refers (Special) to entry8b.o(.ARM.Collect$$$$0000000A) for _main_cpp_init
    entry.o(.ARM.Collect$$$$00000000) refers (Special) to entry9a.o(.ARM.Collect$$$$0000000B) for _main_init
    entry.o(.ARM.Collect$$$$00000000) refers (Special) to entry5.o(.ARM.Collect$$$$00000004) for _main_scatterload
    entry.o(.ARM.Collect$$$$00000000) refers (Special) to entry2.o(.ARM.Collect$$$$00000001) for _main_stk
    dmul.o(.text) refers (Special) to iusefp.o(.text) for __I$use$fp
    dmul.o(.text) refers to depilogue.o(.text) for _double_epilogue
    dfltui.o(.text) refers (Special) to iusefp.o(.text) for __I$use$fp
    dfltui.o(.text) refers to depilogue.o(.text) for _double_epilogue
    dfixui.o(.text) refers (Special) to iusefp.o(.text) for __I$use$fp
    dfixui.o(.text) refers to llushr.o(.text) for __aeabi_llsr
    entry2.o(.ARM.Collect$$$$00000001) refers to entry2.o(.ARM.Collect$$$$00002712) for __lit__00000000
    entry2.o(.ARM.Collect$$$$00002712) refers to startup_stm32f10x_hd.o(STACK) for __initial_sp
    entry2.o(__vectab_stack_and_reset_area) refers to startup_stm32f10x_hd.o(STACK) for __initial_sp
    entry2.o(__vectab_stack_and_reset_area) refers to entry.o(.ARM.Collect$$$$00000000) for __main
    entry5.o(.ARM.Collect$$$$00000004) refers to init.o(.text) for __scatterload
    entry9a.o(.ARM.Collect$$$$0000000B) refers to main.o(i.main) for main
    entry9b.o(.ARM.Collect$$$$0000000C) refers to main.o(i.main) for main
    depilogue.o(.text) refers to llshl.o(.text) for __aeabi_llsl
    depilogue.o(.text) refers to llushr.o(.text) for __aeabi_llsr
    init.o(.text) refers to entry5.o(.ARM.Collect$$$$00000004) for __main_after_scatterload


==============================================================================

Removing Unused input sections from the image.

    Removing main.o(.data), (56 bytes).
    Removing main.o(.data), (1 bytes).
    Removing main.o(.data), (1 bytes).
    Removing main.o(.data), (1 bytes).
    Removing bsp_sys.o(.emb_text), (6 bytes).
    Removing bsp_sys.o(i.INTX_DISABLE), (4 bytes).
    Removing bsp_sys.o(i.INTX_ENABLE), (4 bytes).
    Removing bsp_sys.o(i.WFI_SET), (4 bytes).
    Removing bsp_timer.o(i.TIM3_Int_Init), (104 bytes).
    Removing bsp_timer.o(i.TIM5_Int_Init), (104 bytes).
    Removing bsp_usart.o(i.uart_send_byte), (22 bytes).
    Removing bsp_usart.o(i.uart_send_string), (38 bytes).
    Removing lcd.o(i.LCD_BGR2RGB), (18 bytes).
    Removing lcd.o(i.LCD_Color_Fill), (116 bytes).
    Removing lcd.o(i.LCD_DisplayOff), (68 bytes).
    Removing lcd.o(i.LCD_DisplayOn), (72 bytes).
    Removing lcd.o(i.LCD_Pow), (16 bytes).
    Removing lcd.o(i.LCD_ReadPoint), (404 bytes).
    Removing lcd.o(i.LCD_Set_Window), (820 bytes).
    Removing lcd.o(i.LCD_ShowNum), (118 bytes).
    Removing lcd.o(i.LCD_ShowxNum), (134 bytes).
    Removing lcd.o(i.LCD_WriteRAM), (36 bytes).
    Removing lcd.o(i.opt_delay), (8 bytes).
    Removing bsp_delay.o(i.delay_xms), (26 bytes).
    Removing mos_task.o(i.mos_task_resume), (38 bytes).
    Removing mos_task.o(i.mos_task_scheduler_close), (28 bytes).
    Removing mos_task.o(i.mos_task_scheduler_resume), (64 bytes).
    Removing mos_task.o(i.mos_task_suspend), (42 bytes).
    Removing mos_ipc.o(i.mos_ipc_sync_creat), (48 bytes).
    Removing mos_ipc.o(i.mos_ipc_sync_give), (60 bytes).
    Removing mos_ipc.o(i.mos_ipc_sync_take), (102 bytes).
    Removing mos_heap.o(i.mos_free), (60 bytes).
    Removing mos_misc.o(i.mos_memcpy), (64 bytes).
    Removing mos_misc.o(i.mos_strstr), (54 bytes).
    Removing mos_sys.o(i.mos_sys_get_interrupt_nest_count), (12 bytes).
    Removing misc.o(i.NVIC_SetVectorTable), (20 bytes).
    Removing misc.o(i.NVIC_SystemLPConfig), (24 bytes).
    Removing misc.o(i.SysTick_CLKSourceConfig), (24 bytes).
    Removing stm32f10x_gpio.o(i.GPIO_AFIODeInit), (22 bytes).
    Removing stm32f10x_gpio.o(i.GPIO_DeInit), (180 bytes).
    Removing stm32f10x_gpio.o(i.GPIO_ETH_MediaInterfaceConfig), (12 bytes).
    Removing stm32f10x_gpio.o(i.GPIO_EXTILineConfig), (40 bytes).
    Removing stm32f10x_gpio.o(i.GPIO_EventOutputCmd), (12 bytes).
    Removing stm32f10x_gpio.o(i.GPIO_EventOutputConfig), (28 bytes).
    Removing stm32f10x_gpio.o(i.GPIO_PinLockConfig), (16 bytes).
    Removing stm32f10x_gpio.o(i.GPIO_ReadInputData), (6 bytes).
    Removing stm32f10x_gpio.o(i.GPIO_ReadInputDataBit), (14 bytes).
    Removing stm32f10x_gpio.o(i.GPIO_ReadOutputData), (6 bytes).
    Removing stm32f10x_gpio.o(i.GPIO_ReadOutputDataBit), (14 bytes).
    Removing stm32f10x_gpio.o(i.GPIO_StructInit), (16 bytes).
    Removing stm32f10x_gpio.o(i.GPIO_Write), (4 bytes).
    Removing stm32f10x_gpio.o(i.GPIO_WriteBit), (10 bytes).
    Removing stm32f10x_rcc.o(i.RCC_ADCCLKConfig), (20 bytes).
    Removing stm32f10x_rcc.o(i.RCC_AHBPeriphClockCmd), (24 bytes).
    Removing stm32f10x_rcc.o(i.RCC_APB1PeriphClockCmd), (24 bytes).
    Removing stm32f10x_rcc.o(i.RCC_APB1PeriphResetCmd), (24 bytes).
    Removing stm32f10x_rcc.o(i.RCC_APB2PeriphResetCmd), (24 bytes).
    Removing stm32f10x_rcc.o(i.RCC_AdjustHSICalibrationValue), (20 bytes).
    Removing stm32f10x_rcc.o(i.RCC_BackupResetCmd), (12 bytes).
    Removing stm32f10x_rcc.o(i.RCC_ClearFlag), (16 bytes).
    Removing stm32f10x_rcc.o(i.RCC_ClearITPendingBit), (12 bytes).
    Removing stm32f10x_rcc.o(i.RCC_ClockSecuritySystemCmd), (12 bytes).
    Removing stm32f10x_rcc.o(i.RCC_DeInit), (64 bytes).
    Removing stm32f10x_rcc.o(i.RCC_GetFlagStatus), (48 bytes).
    Removing stm32f10x_rcc.o(i.RCC_GetITStatus), (20 bytes).
    Removing stm32f10x_rcc.o(i.RCC_GetSYSCLKSource), (16 bytes).
    Removing stm32f10x_rcc.o(i.RCC_HCLKConfig), (20 bytes).
    Removing stm32f10x_rcc.o(i.RCC_HSEConfig), (52 bytes).
    Removing stm32f10x_rcc.o(i.RCC_HSICmd), (12 bytes).
    Removing stm32f10x_rcc.o(i.RCC_ITConfig), (24 bytes).
    Removing stm32f10x_rcc.o(i.RCC_LSEConfig), (32 bytes).
    Removing stm32f10x_rcc.o(i.RCC_LSICmd), (12 bytes).
    Removing stm32f10x_rcc.o(i.RCC_MCOConfig), (12 bytes).
    Removing stm32f10x_rcc.o(i.RCC_PCLK1Config), (20 bytes).
    Removing stm32f10x_rcc.o(i.RCC_PCLK2Config), (20 bytes).
    Removing stm32f10x_rcc.o(i.RCC_PLLCmd), (12 bytes).
    Removing stm32f10x_rcc.o(i.RCC_PLLConfig), (20 bytes).
    Removing stm32f10x_rcc.o(i.RCC_RTCCLKCmd), (12 bytes).
    Removing stm32f10x_rcc.o(i.RCC_RTCCLKConfig), (16 bytes).
    Removing stm32f10x_rcc.o(i.RCC_SYSCLKConfig), (20 bytes).
    Removing stm32f10x_rcc.o(i.RCC_USBCLKConfig), (12 bytes).
    Removing stm32f10x_rcc.o(i.RCC_WaitForHSEStartUp), (44 bytes).
    Removing stm32f10x_tim.o(i.TI1_Config), (108 bytes).
    Removing stm32f10x_tim.o(i.TI2_Config), (124 bytes).
    Removing stm32f10x_tim.o(i.TIM_ARRPreloadConfig), (20 bytes).
    Removing stm32f10x_tim.o(i.TIM_BDTRConfig), (34 bytes).
    Removing stm32f10x_tim.o(i.TIM_BDTRStructInit), (18 bytes).
    Removing stm32f10x_tim.o(i.TIM_CCPreloadControl), (20 bytes).
    Removing stm32f10x_tim.o(i.TIM_CCxCmd), (22 bytes).
    Removing stm32f10x_tim.o(i.TIM_CCxNCmd), (22 bytes).
    Removing stm32f10x_tim.o(i.TIM_ClearFlag), (6 bytes).
    Removing stm32f10x_tim.o(i.TIM_ClearITPendingBit), (6 bytes).
    Removing stm32f10x_tim.o(i.TIM_ClearOC1Ref), (12 bytes).
    Removing stm32f10x_tim.o(i.TIM_ClearOC2Ref), (20 bytes).
    Removing stm32f10x_tim.o(i.TIM_ClearOC3Ref), (12 bytes).
    Removing stm32f10x_tim.o(i.TIM_ClearOC4Ref), (20 bytes).
    Removing stm32f10x_tim.o(i.TIM_Cmd), (20 bytes).
    Removing stm32f10x_tim.o(i.TIM_CounterModeConfig), (12 bytes).
    Removing stm32f10x_tim.o(i.TIM_CtrlPWMOutputs), (22 bytes).
    Removing stm32f10x_tim.o(i.TIM_DMACmd), (16 bytes).
    Removing stm32f10x_tim.o(i.TIM_DMAConfig), (8 bytes).
    Removing stm32f10x_tim.o(i.TIM_DeInit), (368 bytes).
    Removing stm32f10x_tim.o(i.TIM_ETRClockMode1Config), (18 bytes).
    Removing stm32f10x_tim.o(i.TIM_ETRClockMode2Config), (18 bytes).
    Removing stm32f10x_tim.o(i.TIM_ETRConfig), (24 bytes).
    Removing stm32f10x_tim.o(i.TIM_EncoderInterfaceConfig), (50 bytes).
    Removing stm32f10x_tim.o(i.TIM_ForcedOC1Config), (12 bytes).
    Removing stm32f10x_tim.o(i.TIM_ForcedOC2Config), (20 bytes).
    Removing stm32f10x_tim.o(i.TIM_ForcedOC3Config), (12 bytes).
    Removing stm32f10x_tim.o(i.TIM_ForcedOC4Config), (20 bytes).
    Removing stm32f10x_tim.o(i.TIM_GenerateEvent), (4 bytes).
    Removing stm32f10x_tim.o(i.TIM_GetCapture1), (4 bytes).
    Removing stm32f10x_tim.o(i.TIM_GetCapture2), (4 bytes).
    Removing stm32f10x_tim.o(i.TIM_GetCapture3), (4 bytes).
    Removing stm32f10x_tim.o(i.TIM_GetCapture4), (6 bytes).
    Removing stm32f10x_tim.o(i.TIM_GetCounter), (4 bytes).
    Removing stm32f10x_tim.o(i.TIM_GetFlagStatus), (14 bytes).
    Removing stm32f10x_tim.o(i.TIM_GetITStatus), (24 bytes).
    Removing stm32f10x_tim.o(i.TIM_GetPrescaler), (4 bytes).
    Removing stm32f10x_tim.o(i.TIM_ICInit), (300 bytes).
    Removing stm32f10x_tim.o(i.TIM_ICStructInit), (16 bytes).
    Removing stm32f10x_tim.o(i.TIM_ITConfig), (16 bytes).
    Removing stm32f10x_tim.o(i.TIM_ITRxExternalClockConfig), (18 bytes).
    Removing stm32f10x_tim.o(i.TIM_InternalClockConfig), (10 bytes).
    Removing stm32f10x_tim.o(i.TIM_OC1FastConfig), (12 bytes).
    Removing stm32f10x_tim.o(i.TIM_OC1Init), (128 bytes).
    Removing stm32f10x_tim.o(i.TIM_OC1NPolarityConfig), (12 bytes).
    Removing stm32f10x_tim.o(i.TIM_OC1PolarityConfig), (12 bytes).
    Removing stm32f10x_tim.o(i.TIM_OC1PreloadConfig), (12 bytes).
    Removing stm32f10x_tim.o(i.TIM_OC2FastConfig), (20 bytes).
    Removing stm32f10x_tim.o(i.TIM_OC2Init), (128 bytes).
    Removing stm32f10x_tim.o(i.TIM_OC2NPolarityConfig), (20 bytes).
    Removing stm32f10x_tim.o(i.TIM_OC2PolarityConfig), (20 bytes).
    Removing stm32f10x_tim.o(i.TIM_OC2PreloadConfig), (20 bytes).
    Removing stm32f10x_tim.o(i.TIM_OC3FastConfig), (12 bytes).
    Removing stm32f10x_tim.o(i.TIM_OC3Init), (124 bytes).
    Removing stm32f10x_tim.o(i.TIM_OC3NPolarityConfig), (20 bytes).
    Removing stm32f10x_tim.o(i.TIM_OC3PolarityConfig), (20 bytes).
    Removing stm32f10x_tim.o(i.TIM_OC3PreloadConfig), (12 bytes).
    Removing stm32f10x_tim.o(i.TIM_OC4FastConfig), (20 bytes).
    Removing stm32f10x_tim.o(i.TIM_OC4Init), (100 bytes).
    Removing stm32f10x_tim.o(i.TIM_OC4PolarityConfig), (20 bytes).
    Removing stm32f10x_tim.o(i.TIM_OC4PreloadConfig), (20 bytes).
    Removing stm32f10x_tim.o(i.TIM_OCStructInit), (20 bytes).
    Removing stm32f10x_tim.o(i.TIM_PWMIConfig), (108 bytes).
    Removing stm32f10x_tim.o(i.TIM_PrescalerConfig), (6 bytes).
    Removing stm32f10x_tim.o(i.TIM_SelectCCDMA), (20 bytes).
    Removing stm32f10x_tim.o(i.TIM_SelectCOM), (20 bytes).
    Removing stm32f10x_tim.o(i.TIM_SelectHallSensor), (20 bytes).
    Removing stm32f10x_tim.o(i.TIM_SelectInputTrigger), (12 bytes).
    Removing stm32f10x_tim.o(i.TIM_SelectMasterSlaveMode), (16 bytes).
    Removing stm32f10x_tim.o(i.TIM_SelectOCxM), (70 bytes).
    Removing stm32f10x_tim.o(i.TIM_SelectOnePulseMode), (16 bytes).
    Removing stm32f10x_tim.o(i.TIM_SelectOutputTrigger), (16 bytes).
    Removing stm32f10x_tim.o(i.TIM_SelectSlaveMode), (16 bytes).
    Removing stm32f10x_tim.o(i.TIM_SetAutoreload), (4 bytes).
    Removing stm32f10x_tim.o(i.TIM_SetClockDivision), (16 bytes).
    Removing stm32f10x_tim.o(i.TIM_SetCompare1), (4 bytes).
    Removing stm32f10x_tim.o(i.TIM_SetCompare2), (4 bytes).
    Removing stm32f10x_tim.o(i.TIM_SetCompare3), (4 bytes).
    Removing stm32f10x_tim.o(i.TIM_SetCompare4), (6 bytes).
    Removing stm32f10x_tim.o(i.TIM_SetCounter), (4 bytes).
    Removing stm32f10x_tim.o(i.TIM_SetIC1Prescaler), (16 bytes).
    Removing stm32f10x_tim.o(i.TIM_SetIC2Prescaler), (24 bytes).
    Removing stm32f10x_tim.o(i.TIM_SetIC3Prescaler), (16 bytes).
    Removing stm32f10x_tim.o(i.TIM_SetIC4Prescaler), (24 bytes).
    Removing stm32f10x_tim.o(i.TIM_TIxExternalClockConfig), (46 bytes).
    Removing stm32f10x_tim.o(i.TIM_TimeBaseInit), (156 bytes).
    Removing stm32f10x_tim.o(i.TIM_TimeBaseStructInit), (18 bytes).
    Removing stm32f10x_tim.o(i.TIM_UpdateDisableConfig), (20 bytes).
    Removing stm32f10x_tim.o(i.TIM_UpdateRequestConfig), (20 bytes).
    Removing stm32f10x_usart.o(i.USART_ClearFlag), (6 bytes).
    Removing stm32f10x_usart.o(i.USART_ClockInit), (30 bytes).
    Removing stm32f10x_usart.o(i.USART_ClockStructInit), (12 bytes).
    Removing stm32f10x_usart.o(i.USART_DMACmd), (16 bytes).
    Removing stm32f10x_usart.o(i.USART_DeInit), (116 bytes).
    Removing stm32f10x_usart.o(i.USART_HalfDuplexCmd), (20 bytes).
    Removing stm32f10x_usart.o(i.USART_IrDACmd), (20 bytes).
    Removing stm32f10x_usart.o(i.USART_IrDAConfig), (16 bytes).
    Removing stm32f10x_usart.o(i.USART_LINBreakDetectLengthConfig), (16 bytes).
    Removing stm32f10x_usart.o(i.USART_LINCmd), (20 bytes).
    Removing stm32f10x_usart.o(i.USART_OneBitMethodCmd), (20 bytes).
    Removing stm32f10x_usart.o(i.USART_OverSampling8Cmd), (20 bytes).
    Removing stm32f10x_usart.o(i.USART_ReceiverWakeUpCmd), (20 bytes).
    Removing stm32f10x_usart.o(i.USART_SendBreak), (10 bytes).
    Removing stm32f10x_usart.o(i.USART_SetAddress), (16 bytes).
    Removing stm32f10x_usart.o(i.USART_SetGuardTime), (16 bytes).
    Removing stm32f10x_usart.o(i.USART_SetPrescaler), (16 bytes).
    Removing stm32f10x_usart.o(i.USART_SmartCardCmd), (20 bytes).
    Removing stm32f10x_usart.o(i.USART_SmartCardNACKCmd), (20 bytes).
    Removing stm32f10x_usart.o(i.USART_StructInit), (22 bytes).
    Removing stm32f10x_usart.o(i.USART_WakeUpConfig), (16 bytes).
    Removing core_cm3.o(.emb_text), (32 bytes).
    Removing system_stm32f10x.o(i.SystemCoreClockUpdate), (104 bytes).
    Removing startup_stm32f10x_hd.o(HEAP), (512 bytes).

195 unused section(s) (total 7939 bytes) removed from the image.

==============================================================================

Image Symbol Table

    Local Symbols

    Symbol Name                              Value     Ov Type        Size  Object(Section)

    ../clib/microlib/init/entry.s            0x00000000   Number         0  entry11a.o ABSOLUTE
    ../clib/microlib/init/entry.s            0x00000000   Number         0  entry11b.o ABSOLUTE
    ../clib/microlib/init/entry.s            0x00000000   Number         0  entry.o ABSOLUTE
    ../clib/microlib/init/entry.s            0x00000000   Number         0  entry2.o ABSOLUTE
    ../clib/microlib/init/entry.s            0x00000000   Number         0  entry5.o ABSOLUTE
    ../clib/microlib/init/entry.s            0x00000000   Number         0  entry7a.o ABSOLUTE
    ../clib/microlib/init/entry.s            0x00000000   Number         0  entry7b.o ABSOLUTE
    ../clib/microlib/init/entry.s            0x00000000   Number         0  entry8a.o ABSOLUTE
    ../clib/microlib/init/entry.s            0x00000000   Number         0  entry8b.o ABSOLUTE
    ../clib/microlib/init/entry.s            0x00000000   Number         0  entry9a.o ABSOLUTE
    ../clib/microlib/init/entry.s            0x00000000   Number         0  entry9b.o ABSOLUTE
    ../clib/microlib/init/entry.s            0x00000000   Number         0  entry10a.o ABSOLUTE
    ../clib/microlib/init/entry.s            0x00000000   Number         0  entry10b.o ABSOLUTE
    ../clib/microlib/longlong.c              0x00000000   Number         0  llushr.o ABSOLUTE
    ../clib/microlib/longlong.c              0x00000000   Number         0  llshl.o ABSOLUTE
    ../clib/microlib/stubs.s                 0x00000000   Number         0  iusefp.o ABSOLUTE
    ../fplib/microlib/fpepilogue.c           0x00000000   Number         0  depilogue.o ABSOLUTE
    ../fplib/microlib/fpfix.c                0x00000000   Number         0  dfixui.o ABSOLUTE
    ../fplib/microlib/fpflt.c                0x00000000   Number         0  dfltui.o ABSOLUTE
    ../fplib/microlib/fpmul.c                0x00000000   Number         0  dmul.o ABSOLUTE
    ..\\stm32\\CORE\\core_cm3.c              0x00000000   Number         0  core_cm3.o ABSOLUTE
    ..\\user\\system\\bsp_sys.c              0x00000000   Number         0  bsp_sys.o ABSOLUTE
    ..\mos\core\mos_heap.c                   0x00000000   Number         0  mos_heap.o ABSOLUTE
    ..\mos\core\mos_init.c                   0x00000000   Number         0  mos_init.o ABSOLUTE
    ..\mos\core\mos_ipc.c                    0x00000000   Number         0  mos_ipc.o ABSOLUTE
    ..\mos\core\mos_misc.c                   0x00000000   Number         0  mos_misc.o ABSOLUTE
    ..\mos\core\mos_shell.c                  0x00000000   Number         0  mos_shell.o ABSOLUTE
    ..\mos\core\mos_sys.c                    0x00000000   Number         0  mos_sys.o ABSOLUTE
    ..\mos\core\mos_task.c                   0x00000000   Number         0  mos_task.o ABSOLUTE
    ..\mos\core\mos_tick.c                   0x00000000   Number         0  mos_tick.o ABSOLUTE
    ..\mos\ports\mos_hw.c                    0x00000000   Number         0  mos_hw.o ABSOLUTE
    ..\mos\ports\mos_port.c                  0x00000000   Number         0  mos_port.o ABSOLUTE
    ..\mos\ports\mos_port_asm.s              0x00000000   Number         0  mos_port_asm.o ABSOLUTE
    ..\stm32\CORE\core_cm3.c                 0x00000000   Number         0  core_cm3.o ABSOLUTE
    ..\stm32\CORE\startup_stm32f10x_hd.s     0x00000000   Number         0  startup_stm32f10x_hd.o ABSOLUTE
    ..\stm32\STM32F10x_FWLib\src\misc.c      0x00000000   Number         0  misc.o ABSOLUTE
    ..\stm32\STM32F10x_FWLib\src\stm32f10x_gpio.c 0x00000000   Number         0  stm32f10x_gpio.o ABSOLUTE
    ..\stm32\STM32F10x_FWLib\src\stm32f10x_rcc.c 0x00000000   Number         0  stm32f10x_rcc.o ABSOLUTE
    ..\stm32\STM32F10x_FWLib\src\stm32f10x_tim.c 0x00000000   Number         0  stm32f10x_tim.o ABSOLUTE
    ..\stm32\STM32F10x_FWLib\src\stm32f10x_usart.c 0x00000000   Number         0  stm32f10x_usart.o ABSOLUTE
    ..\stm32\stm32f10x_it.c                  0x00000000   Number         0  stm32f10x_it.o ABSOLUTE
    ..\stm32\system_stm32f10x.c              0x00000000   Number         0  system_stm32f10x.o ABSOLUTE
    ..\user\hardware\bsp_delay.c             0x00000000   Number         0  bsp_delay.o ABSOLUTE
    ..\user\hardware\bsp_led.c               0x00000000   Number         0  bsp_led.o ABSOLUTE
    ..\user\hardware\bsp_timer.c             0x00000000   Number         0  bsp_timer.o ABSOLUTE
    ..\user\hardware\bsp_usart.c             0x00000000   Number         0  bsp_usart.o ABSOLUTE
    ..\user\hardware\lcd.c                   0x00000000   Number         0  lcd.o ABSOLUTE
    ..\user\main.c                           0x00000000   Number         0  main.o ABSOLUTE
    ..\user\system\bsp_sys.c                 0x00000000   Number         0  bsp_sys.o ABSOLUTE
    dc.s                                     0x00000000   Number         0  dc.o ABSOLUTE
    handlers.s                               0x00000000   Number         0  handlers.o ABSOLUTE
    init.s                                   0x00000000   Number         0  init.o ABSOLUTE
    RESET                                    0x08000000   Section      304  startup_stm32f10x_hd.o(RESET)
    .ARM.Collect$$$$00000000                 0x08000130   Section        0  entry.o(.ARM.Collect$$$$00000000)
    .ARM.Collect$$$$00000001                 0x08000130   Section        4  entry2.o(.ARM.Collect$$$$00000001)
    .ARM.Collect$$$$00000004                 0x08000134   Section        4  entry5.o(.ARM.Collect$$$$00000004)
    .ARM.Collect$$$$00000008                 0x08000138   Section        0  entry7b.o(.ARM.Collect$$$$00000008)
    .ARM.Collect$$$$0000000A                 0x08000138   Section        0  entry8b.o(.ARM.Collect$$$$0000000A)
    .ARM.Collect$$$$0000000B                 0x08000138   Section        8  entry9a.o(.ARM.Collect$$$$0000000B)
    .ARM.Collect$$$$0000000D                 0x08000140   Section        0  entry10a.o(.ARM.Collect$$$$0000000D)
    .ARM.Collect$$$$0000000F                 0x08000140   Section        0  entry11a.o(.ARM.Collect$$$$0000000F)
    .ARM.Collect$$$$00002712                 0x08000140   Section        4  entry2.o(.ARM.Collect$$$$00002712)
    __lit__00000000                          0x08000140   Data           4  entry2.o(.ARM.Collect$$$$00002712)
    .text                                    0x08000144   Section      148  mos_port_asm.o(.text)
    .text                                    0x080001d8   Section       36  startup_stm32f10x_hd.o(.text)
    .text                                    0x080001fc   Section        0  dmul.o(.text)
    .text                                    0x080002e0   Section        0  dfltui.o(.text)
    .text                                    0x080002fa   Section        0  dfixui.o(.text)
    .text                                    0x0800032c   Section        0  llushr.o(.text)
    .text                                    0x0800034c   Section        0  depilogue.o(.text)
    .text                                    0x0800034c   Section        0  iusefp.o(.text)
    .text                                    0x08000408   Section       36  init.o(.text)
    .text                                    0x0800042c   Section        0  llshl.o(.text)
    i.BusFault_Handler                       0x0800044a   Section        0  stm32f10x_it.o(i.BusFault_Handler)
    i.DebugMon_Handler                       0x0800044c   Section        0  stm32f10x_it.o(i.DebugMon_Handler)
    i.GPIO_Init                              0x0800044e   Section        0  stm32f10x_gpio.o(i.GPIO_Init)
    i.GPIO_PinRemapConfig                    0x080004ec   Section        0  stm32f10x_gpio.o(i.GPIO_PinRemapConfig)
    i.GPIO_ResetBits                         0x08000544   Section        0  stm32f10x_gpio.o(i.GPIO_ResetBits)
    i.GPIO_SetBits                           0x08000548   Section        0  stm32f10x_gpio.o(i.GPIO_SetBits)
    i.HardFault_Handler                      0x0800054c   Section        0  stm32f10x_it.o(i.HardFault_Handler)
    i.LCD_Clear                              0x08000550   Section        0  lcd.o(i.LCD_Clear)
    i.LCD_Display_Dir                        0x080005d4   Section        0  lcd.o(i.LCD_Display_Dir)
    i.LCD_DrawLine                           0x08000708   Section        0  lcd.o(i.LCD_DrawLine)
    i.LCD_DrawPoint                          0x080007a0   Section        0  lcd.o(i.LCD_DrawPoint)
    i.LCD_DrawRectangle                      0x080007d4   Section        0  lcd.o(i.LCD_DrawRectangle)
    i.LCD_Draw_Circle                        0x0800080c   Section        0  lcd.o(i.LCD_Draw_Circle)
    i.LCD_Fast_DrawPoint                     0x080008bc   Section        0  lcd.o(i.LCD_Fast_DrawPoint)
    i.LCD_Fill                               0x08000b10   Section        0  lcd.o(i.LCD_Fill)
    i.LCD_Init                               0x08000bbc   Section        0  lcd.o(i.LCD_Init)
    i.LCD_RD_DATA                            0x0800436c   Section        0  lcd.o(i.LCD_RD_DATA)
    i.LCD_ReadReg                            0x080043dc   Section        0  lcd.o(i.LCD_ReadReg)
    i.LCD_SSD_BackLightSet                   0x080043ec   Section        0  lcd.o(i.LCD_SSD_BackLightSet)
    i.LCD_Scan_Dir                           0x08004488   Section        0  lcd.o(i.LCD_Scan_Dir)
    i.LCD_SetCursor                          0x0800477c   Section        0  lcd.o(i.LCD_SetCursor)
    i.LCD_ShowChar                           0x08004ad0   Section        0  lcd.o(i.LCD_ShowChar)
    i.LCD_ShowString                         0x08004b9c   Section        0  lcd.o(i.LCD_ShowString)
    i.LCD_WR_DATAX                           0x08004bf0   Section        0  lcd.o(i.LCD_WR_DATAX)
    i.LCD_WR_REG                             0x08004c14   Section        0  lcd.o(i.LCD_WR_REG)
    i.LCD_WriteRAM_Prepare                   0x08004c38   Section        0  lcd.o(i.LCD_WriteRAM_Prepare)
    i.LCD_WriteReg                           0x08004c44   Section        0  lcd.o(i.LCD_WriteReg)
    i.MemManage_Handler                      0x08004c70   Section        0  stm32f10x_it.o(i.MemManage_Handler)
    i.NMI_Handler                            0x08004c72   Section        0  stm32f10x_it.o(i.NMI_Handler)
    i.NVIC_Init                              0x08004c74   Section        0  misc.o(i.NVIC_Init)
    i.NVIC_PriorityGroupConfig               0x08004cd8   Section        0  misc.o(i.NVIC_PriorityGroupConfig)
    i.RCC_APB2PeriphClockCmd                 0x08004cec   Section        0  stm32f10x_rcc.o(i.RCC_APB2PeriphClockCmd)
    i.RCC_GetClocksFreq                      0x08004d04   Section        0  stm32f10x_rcc.o(i.RCC_GetClocksFreq)
    i.SetSysClockTo72                        0x08004d98   Section        0  system_stm32f10x.o(i.SetSysClockTo72)
    SetSysClockTo72                          0x08004d99   Thumb Code   160  system_stm32f10x.o(i.SetSysClockTo72)
    i.SysTick_Handler                        0x08004e40   Section        0  mos_port.o(i.SysTick_Handler)
    i.SystemInit                             0x08004e44   Section        0  system_stm32f10x.o(i.SystemInit)
    i.USART1_IRQHandler                      0x08004e94   Section        0  mos_port.o(i.USART1_IRQHandler)
    i.USART_ClearITPendingBit                0x08004ed0   Section        0  stm32f10x_usart.o(i.USART_ClearITPendingBit)
    i.USART_Cmd                              0x08004edc   Section        0  stm32f10x_usart.o(i.USART_Cmd)
    i.USART_GetFlagStatus                    0x08004ef0   Section        0  stm32f10x_usart.o(i.USART_GetFlagStatus)
    i.USART_GetITStatus                      0x08004efe   Section        0  stm32f10x_usart.o(i.USART_GetITStatus)
    i.USART_ITConfig                         0x08004f3c   Section        0  stm32f10x_usart.o(i.USART_ITConfig)
    i.USART_Init                             0x08004f6c   Section        0  stm32f10x_usart.o(i.USART_Init)
    i.USART_ReceiveData                      0x08005018   Section        0  stm32f10x_usart.o(i.USART_ReceiveData)
    i.USART_SendData                         0x08005020   Section        0  stm32f10x_usart.o(i.USART_SendData)
    i.UsageFault_Handler                     0x08005028   Section        0  stm32f10x_it.o(i.UsageFault_Handler)
    i.__scatterload_copy                     0x0800502a   Section       14  handlers.o(i.__scatterload_copy)
    i.__scatterload_null                     0x08005038   Section        2  handlers.o(i.__scatterload_null)
    i.__scatterload_zeroinit                 0x0800503a   Section       14  handlers.o(i.__scatterload_zeroinit)
    i.block_insert_free_list                 0x08005048   Section        0  mos_heap.o(i.block_insert_free_list)
    block_insert_free_list                   0x08005049   Thumb Code    70  mos_heap.o(i.block_insert_free_list)
    i.delay_init                             0x08005098   Section        0  bsp_delay.o(i.delay_init)
    i.delay_ms                               0x080050c0   Section        0  bsp_delay.o(i.delay_ms)
    i.delay_us                               0x080050f8   Section        0  bsp_delay.o(i.delay_us)
    i.high_task_entry                        0x0800512c   Section        0  main.o(i.high_task_entry)
    i.led1_off                               0x08005208   Section        0  bsp_led.o(i.led1_off)
    i.led1_on                                0x08005214   Section        0  bsp_led.o(i.led1_on)
    i.led2_off                               0x08005220   Section        0  bsp_led.o(i.led2_off)
    i.led2_on                                0x08005230   Section        0  bsp_led.o(i.led2_on)
    i.led_init                               0x08005240   Section        0  bsp_led.o(i.led_init)
    i.low_task_entry                         0x080052a0   Section        0  main.o(i.low_task_entry)
    i.main                                   0x0800534c   Section        0  main.o(i.main)
    i.middle_task_entry                      0x08005440   Section        0  main.o(i.middle_task_entry)
    i.mos_atoi                               0x0800551c   Section        0  mos_misc.o(i.mos_atoi)
    mos_atoi                                 0x0800551d   Thumb Code    40  mos_misc.o(i.mos_atoi)
    i.mos_get_heap_free_size                 0x08005544   Section        0  mos_heap.o(i.mos_get_heap_free_size)
    i.mos_get_heap_total_size                0x08005550   Section        0  mos_heap.o(i.mos_get_heap_total_size)
    i.mos_heap_init                          0x0800555c   Section        0  mos_heap.o(i.mos_heap_init)
    i.mos_hw_stack_init                      0x0800559c   Section        0  mos_hw.o(i.mos_hw_stack_init)
    i.mos_hw_task_exit_error                 0x08005614   Section        0  mos_hw.o(i.mos_hw_task_exit_error)
    mos_hw_task_exit_error                   0x08005615   Thumb Code     2  mos_hw.o(i.mos_hw_task_exit_error)
    i.mos_init_core                          0x08005618   Section        0  mos_init.o(i.mos_init_core)
    i.mos_ipc_mutex_creat                    0x08005650   Section        0  mos_ipc.o(i.mos_ipc_mutex_creat)
    i.mos_ipc_mutex_give                     0x08005684   Section        0  mos_ipc.o(i.mos_ipc_mutex_give)
    i.mos_ipc_mutex_take                     0x080056e4   Section        0  mos_ipc.o(i.mos_ipc_mutex_take)
    i.mos_ipc_task_resume                    0x08005764   Section        0  mos_ipc.o(i.mos_ipc_task_resume)
    mos_ipc_task_resume                      0x08005765   Thumb Code    44  mos_ipc.o(i.mos_ipc_task_resume)
    i.mos_ipc_task_suspend                   0x08005790   Section        0  mos_ipc.o(i.mos_ipc_task_suspend)
    mos_ipc_task_suspend                     0x08005791   Thumb Code    18  mos_ipc.o(i.mos_ipc_task_suspend)
    i.mos_list_head_insert                   0x080057a2   Section        0  mos_task.o(i.mos_list_head_insert)
    mos_list_head_insert                     0x080057a3   Thumb Code    14  mos_task.o(i.mos_list_head_insert)
    i.mos_list_is_empty                      0x080057b0   Section        0  mos_task.o(i.mos_list_is_empty)
    mos_list_is_empty                        0x080057b1   Thumb Code    14  mos_task.o(i.mos_list_is_empty)
    i.mos_list_is_empty                      0x080057be   Section        0  mos_ipc.o(i.mos_list_is_empty)
    mos_list_is_empty                        0x080057bf   Thumb Code    14  mos_ipc.o(i.mos_list_is_empty)
    i.mos_list_is_empty                      0x080057cc   Section        0  mos_tick.o(i.mos_list_is_empty)
    mos_list_is_empty                        0x080057cd   Thumb Code    14  mos_tick.o(i.mos_list_is_empty)
    i.mos_list_node_delete                   0x080057da   Section        0  mos_task.o(i.mos_list_node_delete)
    mos_list_node_delete                     0x080057db   Thumb Code    18  mos_task.o(i.mos_list_node_delete)
    i.mos_list_node_delete                   0x080057ec   Section        0  mos_tick.o(i.mos_list_node_delete)
    mos_list_node_delete                     0x080057ed   Thumb Code    18  mos_tick.o(i.mos_list_node_delete)
    i.mos_list_tail_insert                   0x080057fe   Section        0  mos_task.o(i.mos_list_tail_insert)
    mos_list_tail_insert                     0x080057ff   Thumb Code    14  mos_task.o(i.mos_list_tail_insert)
    i.mos_list_tail_insert                   0x0800580c   Section        0  mos_ipc.o(i.mos_list_tail_insert)
    mos_list_tail_insert                     0x0800580d   Thumb Code    14  mos_ipc.o(i.mos_list_tail_insert)
    i.mos_malloc                             0x0800581c   Section        0  mos_heap.o(i.mos_malloc)
    i.mos_memset                             0x080058a8   Section        0  mos_misc.o(i.mos_memset)
    i.mos_port_bsp_init                      0x080058c8   Section        0  mos_port.o(i.mos_port_bsp_init)
    i.mos_port_output                        0x080058d0   Section        0  mos_port.o(i.mos_port_output)
    i.mos_port_systick_init                  0x08005914   Section        0  mos_port.o(i.mos_port_systick_init)
    i.mos_printf                             0x0800594c   Section        0  mos_misc.o(i.mos_printf)
    i.mos_shell_cmd                          0x08005978   Section        0  mos_shell.o(i.mos_shell_cmd)
    mos_shell_cmd                            0x08005979   Thumb Code   302  mos_shell.o(i.mos_shell_cmd)
    i.mos_shell_help_cmd                     0x08005b70   Section        0  mos_shell.o(i.mos_shell_help_cmd)
    mos_shell_help_cmd                       0x08005b71   Thumb Code    48  mos_shell.o(i.mos_shell_help_cmd)
    i.mos_shell_init                         0x08005c78   Section        0  mos_shell.o(i.mos_shell_init)
    i.mos_shell_ipc_cmd                      0x08005cb8   Section        0  mos_shell.o(i.mos_shell_ipc_cmd)
    mos_shell_ipc_cmd                        0x08005cb9   Thumb Code   122  mos_shell.o(i.mos_shell_ipc_cmd)
    i.mos_shell_ls_cmd                       0x08005dd8   Section        0  mos_shell.o(i.mos_shell_ls_cmd)
    mos_shell_ls_cmd                         0x08005dd9   Thumb Code    58  mos_shell.o(i.mos_shell_ls_cmd)
    i.mos_shell_process                      0x08005e8c   Section        0  mos_shell.o(i.mos_shell_process)
    i.mos_shell_task_cmd                     0x08005f44   Section        0  mos_shell.o(i.mos_shell_task_cmd)
    mos_shell_task_cmd                       0x08005f45   Thumb Code   158  mos_shell.o(i.mos_shell_task_cmd)
    i.mos_show_version                       0x080060d4   Section        0  mos_misc.o(i.mos_show_version)
    i.mos_strcmp                             0x080061c8   Section        0  mos_misc.o(i.mos_strcmp)
    i.mos_strlen                             0x080061f8   Section        0  mos_misc.o(i.mos_strlen)
    i.mos_strncpy                            0x0800620a   Section        0  mos_misc.o(i.mos_strncpy)
    i.mos_sys_interrupt_enter                0x08006240   Section        0  mos_sys.o(i.mos_sys_interrupt_enter)
    i.mos_sys_interrupt_leave                0x0800625c   Section        0  mos_sys.o(i.mos_sys_interrupt_leave)
    i.mos_task_create                        0x08006278   Section        0  mos_task.o(i.mos_task_create)
    i.mos_task_delay                         0x08006334   Section        0  mos_task.o(i.mos_task_delay)
    i.mos_task_get_cur_tcb                   0x08006358   Section        0  mos_task.o(i.mos_task_get_cur_tcb)
    i.mos_task_get_scheduler_flag            0x08006364   Section        0  mos_task.o(i.mos_task_get_scheduler_flag)
    i.mos_task_idle_entry                    0x08006370   Section        0  mos_task.o(i.mos_task_idle_entry)
    mos_task_idle_entry                      0x08006371   Thumb Code     2  mos_task.o(i.mos_task_idle_entry)
    i.mos_task_insert_delay_list             0x08006372   Section        0  mos_task.o(i.mos_task_insert_delay_list)
    i.mos_task_insert_ready_table_list       0x08006390   Section        0  mos_task.o(i.mos_task_insert_ready_table_list)
    i.mos_task_insert_suspend_list           0x080063f4   Section        0  mos_task.o(i.mos_task_insert_suspend_list)
    i.mos_task_remove_delay_list             0x08006444   Section        0  mos_task.o(i.mos_task_remove_delay_list)
    i.mos_task_remove_ready_table_list       0x08006478   Section        0  mos_task.o(i.mos_task_remove_ready_table_list)
    i.mos_task_scheduler                     0x080064b0   Section        0  mos_task.o(i.mos_task_scheduler)
    i.mos_task_scheduler_init                0x080064bc   Section        0  mos_task.o(i.mos_task_scheduler_init)
    i.mos_task_scheduler_start               0x08006500   Section        0  mos_task.o(i.mos_task_scheduler_start)
    i.mos_task_switch_context                0x080065a0   Section        0  mos_task.o(i.mos_task_switch_context)
    i.mos_tick_delay_process                 0x080065e8   Section        0  mos_tick.o(i.mos_tick_delay_process)
    i.mos_tick_get_cur_tick_count            0x08006640   Section        0  mos_tick.o(i.mos_tick_get_cur_tick_count)
    i.mos_tick_systick_handler               0x0800664c   Section        0  mos_tick.o(i.mos_tick_systick_handler)
    i.mos_tick_systick_init                  0x08006668   Section        0  mos_tick.o(i.mos_tick_systick_init)
    i.mos_tick_tickcount_increase            0x0800667c   Section        0  mos_tick.o(i.mos_tick_tickcount_increase)
    mos_tick_tickcount_increase              0x0800667d   Thumb Code   144  mos_tick.o(i.mos_tick_tickcount_increase)
    i.mos_vsnprintf                          0x08006718   Section        0  mos_misc.o(i.mos_vsnprintf)
    i.print_number                           0x08006968   Section        0  mos_misc.o(i.print_number)
    print_number                             0x08006969   Thumb Code   290  mos_misc.o(i.print_number)
    i.shell_uart1_init                       0x08006a90   Section        0  bsp_usart.o(i.shell_uart1_init)
    .constdata                               0x08006b30   Section     6080  lcd.o(.constdata)
    .constdata                               0x080082f0   Section       34  mos_misc.o(.constdata)
    small_digits                             0x080082f0   Data          17  mos_misc.o(.constdata)
    large_digits                             0x08008301   Data          17  mos_misc.o(.constdata)
    .data                                    0x20000000   Section        4  main.o(.data)
    .data                                    0x20000004   Section        4  lcd.o(.data)
    .data                                    0x20000008   Section        4  bsp_delay.o(.data)
    fac_us                                   0x20000008   Data           1  bsp_delay.o(.data)
    how_ms_per_rate                          0x2000000a   Data           2  bsp_delay.o(.data)
    .data                                    0x2000000c   Section       44  mos_task.o(.data)
    g_mos_task_delay_overflow_list           0x20000010   Data           4  mos_task.o(.data)
    g_mos_task_priority_flag_32bit           0x20000014   Data           4  mos_task.o(.data)
    g_scheduler_flag                         0x20000018   Data           4  mos_task.o(.data)
    g_mos_task_delay_list_1                  0x20000020   Data           8  mos_task.o(.data)
    g_mos_task_delay_list_2                  0x20000028   Data           8  mos_task.o(.data)
    .data                                    0x20000038   Section       12  mos_heap.o(.data)
    heap_head_end                            0x20000038   Data           4  mos_heap.o(.data)
    heap_total_size                          0x2000003c   Data           4  mos_heap.o(.data)
    heap_free_size                           0x20000040   Data           4  mos_heap.o(.data)
    .data                                    0x20000044   Section        1  mos_sys.o(.data)
    .data                                    0x20000048   Section       12  mos_tick.o(.data)
    g_mos_task_cur_tick_count                0x20000048   Data           4  mos_tick.o(.data)
    g_mos_task_delay_overflow_list           0x20000050   Data           4  mos_tick.o(.data)
    .data                                    0x20000054   Section       24  mos_shell.o(.data)
    SHELL_RX_STA                             0x20000054   Data           2  mos_shell.o(.data)
    mos_shell_cmd_buf                        0x20000058   Data           4  mos_shell.o(.data)
    .data                                    0x2000006c   Section       20  stm32f10x_rcc.o(.data)
    ADCPrescTable                            0x2000006c   Data           4  stm32f10x_rcc.o(.data)
    APBAHBPrescTable                         0x20000070   Data          16  stm32f10x_rcc.o(.data)
    .data                                    0x20000080   Section       20  system_stm32f10x.o(.data)
    .bss                                     0x20000094   Section      228  main.o(.bss)
    .bss                                     0x20000178   Section       14  lcd.o(.bss)
    .bss                                     0x20000188   Section      204  mos_task.o(.bss)
    idle_tcb                                 0x20000188   Data          76  mos_task.o(.bss)
    .bss                                     0x20000254   Section    20492  mos_heap.o(.bss)
    heap                                     0x20000254   Data       20480  mos_heap.o(.bss)
    heap_head_start                          0x20005254   Data          12  mos_heap.o(.bss)
    .bss                                     0x20005260   Section      128  mos_misc.o(.bss)
    mos_log_buf                              0x20005260   Data         128  mos_misc.o(.bss)
    .bss                                     0x200052e0   Section       64  mos_shell.o(.bss)
    mos_shell_rx_buf                         0x200052e0   Data          64  mos_shell.o(.bss)
    STACK                                    0x20005320   Section     2048  startup_stm32f10x_hd.o(STACK)

    Global Symbols

    Symbol Name                              Value     Ov Type        Size  Object(Section)

    BuildAttributes$$THM_ISAv4$P$D$K$B$S$PE$A:L22UL41UL21$X:L11$S22US41US21$IEEE1$IW$USESV6$~STKCKD$USESV7$~SHL$OSPACE$ROPI$EBA8$MICROLIB$REQ8$PRES8$EABIv2 0x00000000   Number         0  anon$$obj.o ABSOLUTE
    __ARM_use_no_argv                        0x00000000   Number         0  main.o ABSOLUTE
    __cpp_initialize__aeabi_                  - Undefined Weak Reference
    __cxa_finalize                            - Undefined Weak Reference
    __decompress                              - Undefined Weak Reference
    _clock_init                               - Undefined Weak Reference
    _microlib_exit                            - Undefined Weak Reference
    __Vectors_Size                           0x00000130   Number         0  startup_stm32f10x_hd.o ABSOLUTE
    __Vectors                                0x08000000   Data           4  startup_stm32f10x_hd.o(RESET)
    __Vectors_End                            0x08000130   Data           0  startup_stm32f10x_hd.o(RESET)
    __main                                   0x08000131   Thumb Code     0  entry.o(.ARM.Collect$$$$00000000)
    _main_stk                                0x08000131   Thumb Code     0  entry2.o(.ARM.Collect$$$$00000001)
    _main_scatterload                        0x08000135   Thumb Code     0  entry5.o(.ARM.Collect$$$$00000004)
    __main_after_scatterload                 0x08000139   Thumb Code     0  entry5.o(.ARM.Collect$$$$00000004)
    _main_clock                              0x08000139   Thumb Code     0  entry7b.o(.ARM.Collect$$$$00000008)
    _main_cpp_init                           0x08000139   Thumb Code     0  entry8b.o(.ARM.Collect$$$$0000000A)
    _main_init                               0x08000139   Thumb Code     0  entry9a.o(.ARM.Collect$$$$0000000B)
    __rt_final_cpp                           0x08000141   Thumb Code     0  entry10a.o(.ARM.Collect$$$$0000000D)
    __rt_final_exit                          0x08000141   Thumb Code     0  entry11a.o(.ARM.Collect$$$$0000000F)
    mos_port_start_first_task                0x08000145   Thumb Code    12  mos_port_asm.o(.text)
    SVC_Handler                              0x08000151   Thumb Code    28  mos_port_asm.o(.text)
    mos_port_task_scheduler                  0x0800016d   Thumb Code    12  mos_port_asm.o(.text)
    PendSV_Handler                           0x08000179   Thumb Code    56  mos_port_asm.o(.text)
    mos_port_interrupt_disable_temp          0x080001b1   Thumb Code     8  mos_port_asm.o(.text)
    mos_port_interrupt_enable_temp           0x080001b9   Thumb Code     8  mos_port_asm.o(.text)
    mos_port_interrupt_disable               0x080001c1   Thumb Code     4  mos_port_asm.o(.text)
    mos_port_interrupt_enable                0x080001c5   Thumb Code     4  mos_port_asm.o(.text)
    Reset_Handler                            0x080001d9   Thumb Code     8  startup_stm32f10x_hd.o(.text)
    ADC1_2_IRQHandler                        0x080001f3   Thumb Code     0  startup_stm32f10x_hd.o(.text)
    ADC3_IRQHandler                          0x080001f3   Thumb Code     0  startup_stm32f10x_hd.o(.text)
    CAN1_RX1_IRQHandler                      0x080001f3   Thumb Code     0  startup_stm32f10x_hd.o(.text)
    CAN1_SCE_IRQHandler                      0x080001f3   Thumb Code     0  startup_stm32f10x_hd.o(.text)
    DMA1_Channel1_IRQHandler                 0x080001f3   Thumb Code     0  startup_stm32f10x_hd.o(.text)
    DMA1_Channel2_IRQHandler                 0x080001f3   Thumb Code     0  startup_stm32f10x_hd.o(.text)
    DMA1_Channel3_IRQHandler                 0x080001f3   Thumb Code     0  startup_stm32f10x_hd.o(.text)
    DMA1_Channel4_IRQHandler                 0x080001f3   Thumb Code     0  startup_stm32f10x_hd.o(.text)
    DMA1_Channel5_IRQHandler                 0x080001f3   Thumb Code     0  startup_stm32f10x_hd.o(.text)
    DMA1_Channel6_IRQHandler                 0x080001f3   Thumb Code     0  startup_stm32f10x_hd.o(.text)
    DMA1_Channel7_IRQHandler                 0x080001f3   Thumb Code     0  startup_stm32f10x_hd.o(.text)
    DMA2_Channel1_IRQHandler                 0x080001f3   Thumb Code     0  startup_stm32f10x_hd.o(.text)
    DMA2_Channel2_IRQHandler                 0x080001f3   Thumb Code     0  startup_stm32f10x_hd.o(.text)
    DMA2_Channel3_IRQHandler                 0x080001f3   Thumb Code     0  startup_stm32f10x_hd.o(.text)
    DMA2_Channel4_5_IRQHandler               0x080001f3   Thumb Code     0  startup_stm32f10x_hd.o(.text)
    EXTI0_IRQHandler                         0x080001f3   Thumb Code     0  startup_stm32f10x_hd.o(.text)
    EXTI15_10_IRQHandler                     0x080001f3   Thumb Code     0  startup_stm32f10x_hd.o(.text)
    EXTI1_IRQHandler                         0x080001f3   Thumb Code     0  startup_stm32f10x_hd.o(.text)
    EXTI2_IRQHandler                         0x080001f3   Thumb Code     0  startup_stm32f10x_hd.o(.text)
    EXTI3_IRQHandler                         0x080001f3   Thumb Code     0  startup_stm32f10x_hd.o(.text)
    EXTI4_IRQHandler                         0x080001f3   Thumb Code     0  startup_stm32f10x_hd.o(.text)
    EXTI9_5_IRQHandler                       0x080001f3   Thumb Code     0  startup_stm32f10x_hd.o(.text)
    FLASH_IRQHandler                         0x080001f3   Thumb Code     0  startup_stm32f10x_hd.o(.text)
    FSMC_IRQHandler                          0x080001f3   Thumb Code     0  startup_stm32f10x_hd.o(.text)
    I2C1_ER_IRQHandler                       0x080001f3   Thumb Code     0  startup_stm32f10x_hd.o(.text)
    I2C1_EV_IRQHandler                       0x080001f3   Thumb Code     0  startup_stm32f10x_hd.o(.text)
    I2C2_ER_IRQHandler                       0x080001f3   Thumb Code     0  startup_stm32f10x_hd.o(.text)
    I2C2_EV_IRQHandler                       0x080001f3   Thumb Code     0  startup_stm32f10x_hd.o(.text)
    PVD_IRQHandler                           0x080001f3   Thumb Code     0  startup_stm32f10x_hd.o(.text)
    RCC_IRQHandler                           0x080001f3   Thumb Code     0  startup_stm32f10x_hd.o(.text)
    RTCAlarm_IRQHandler                      0x080001f3   Thumb Code     0  startup_stm32f10x_hd.o(.text)
    RTC_IRQHandler                           0x080001f3   Thumb Code     0  startup_stm32f10x_hd.o(.text)
    SDIO_IRQHandler                          0x080001f3   Thumb Code     0  startup_stm32f10x_hd.o(.text)
    SPI1_IRQHandler                          0x080001f3   Thumb Code     0  startup_stm32f10x_hd.o(.text)
    SPI2_IRQHandler                          0x080001f3   Thumb Code     0  startup_stm32f10x_hd.o(.text)
    SPI3_IRQHandler                          0x080001f3   Thumb Code     0  startup_stm32f10x_hd.o(.text)
    TAMPER_IRQHandler                        0x080001f3   Thumb Code     0  startup_stm32f10x_hd.o(.text)
    TIM1_BRK_IRQHandler                      0x080001f3   Thumb Code     0  startup_stm32f10x_hd.o(.text)
    TIM1_CC_IRQHandler                       0x080001f3   Thumb Code     0  startup_stm32f10x_hd.o(.text)
    TIM1_TRG_COM_IRQHandler                  0x080001f3   Thumb Code     0  startup_stm32f10x_hd.o(.text)
    TIM1_UP_IRQHandler                       0x080001f3   Thumb Code     0  startup_stm32f10x_hd.o(.text)
    TIM2_IRQHandler                          0x080001f3   Thumb Code     0  startup_stm32f10x_hd.o(.text)
    TIM3_IRQHandler                          0x080001f3   Thumb Code     0  startup_stm32f10x_hd.o(.text)
    TIM4_IRQHandler                          0x080001f3   Thumb Code     0  startup_stm32f10x_hd.o(.text)
    TIM5_IRQHandler                          0x080001f3   Thumb Code     0  startup_stm32f10x_hd.o(.text)
    TIM6_IRQHandler                          0x080001f3   Thumb Code     0  startup_stm32f10x_hd.o(.text)
    TIM7_IRQHandler                          0x080001f3   Thumb Code     0  startup_stm32f10x_hd.o(.text)
    TIM8_BRK_IRQHandler                      0x080001f3   Thumb Code     0  startup_stm32f10x_hd.o(.text)
    TIM8_CC_IRQHandler                       0x080001f3   Thumb Code     0  startup_stm32f10x_hd.o(.text)
    TIM8_TRG_COM_IRQHandler                  0x080001f3   Thumb Code     0  startup_stm32f10x_hd.o(.text)
    TIM8_UP_IRQHandler                       0x080001f3   Thumb Code     0  startup_stm32f10x_hd.o(.text)
    UART4_IRQHandler                         0x080001f3   Thumb Code     0  startup_stm32f10x_hd.o(.text)
    UART5_IRQHandler                         0x080001f3   Thumb Code     0  startup_stm32f10x_hd.o(.text)
    USART2_IRQHandler                        0x080001f3   Thumb Code     0  startup_stm32f10x_hd.o(.text)
    USART3_IRQHandler                        0x080001f3   Thumb Code     0  startup_stm32f10x_hd.o(.text)
    USBWakeUp_IRQHandler                     0x080001f3   Thumb Code     0  startup_stm32f10x_hd.o(.text)
    USB_HP_CAN1_TX_IRQHandler                0x080001f3   Thumb Code     0  startup_stm32f10x_hd.o(.text)
    USB_LP_CAN1_RX0_IRQHandler               0x080001f3   Thumb Code     0  startup_stm32f10x_hd.o(.text)
    WWDG_IRQHandler                          0x080001f3   Thumb Code     0  startup_stm32f10x_hd.o(.text)
    __aeabi_dmul                             0x080001fd   Thumb Code   228  dmul.o(.text)
    __aeabi_ui2d                             0x080002e1   Thumb Code    26  dfltui.o(.text)
    __aeabi_d2uiz                            0x080002fb   Thumb Code    50  dfixui.o(.text)
    __aeabi_llsr                             0x0800032d   Thumb Code    32  llushr.o(.text)
    _ll_ushift_r                             0x0800032d   Thumb Code     0  llushr.o(.text)
    __I$use$fp                               0x0800034d   Thumb Code     0  iusefp.o(.text)
    _double_round                            0x0800034d   Thumb Code    30  depilogue.o(.text)
    _double_epilogue                         0x0800036b   Thumb Code   156  depilogue.o(.text)
    __scatterload                            0x08000409   Thumb Code    28  init.o(.text)
    __scatterload_rt2                        0x08000409   Thumb Code     0  init.o(.text)
    __aeabi_llsl                             0x0800042d   Thumb Code    30  llshl.o(.text)
    _ll_shift_l                              0x0800042d   Thumb Code     0  llshl.o(.text)
    BusFault_Handler                         0x0800044b   Thumb Code     2  stm32f10x_it.o(i.BusFault_Handler)
    DebugMon_Handler                         0x0800044d   Thumb Code     2  stm32f10x_it.o(i.DebugMon_Handler)
    GPIO_Init                                0x0800044f   Thumb Code   156  stm32f10x_gpio.o(i.GPIO_Init)
    GPIO_PinRemapConfig                      0x080004ed   Thumb Code    82  stm32f10x_gpio.o(i.GPIO_PinRemapConfig)
    GPIO_ResetBits                           0x08000545   Thumb Code     4  stm32f10x_gpio.o(i.GPIO_ResetBits)
    GPIO_SetBits                             0x08000549   Thumb Code     4  stm32f10x_gpio.o(i.GPIO_SetBits)
    HardFault_Handler                        0x0800054d   Thumb Code     2  stm32f10x_it.o(i.HardFault_Handler)
    LCD_Clear                                0x08000551   Thumb Code   120  lcd.o(i.LCD_Clear)
    LCD_Display_Dir                          0x080005d5   Thumb Code   304  lcd.o(i.LCD_Display_Dir)
    LCD_DrawLine                             0x08000709   Thumb Code   150  lcd.o(i.LCD_DrawLine)
    LCD_DrawPoint                            0x080007a1   Thumb Code    40  lcd.o(i.LCD_DrawPoint)
    LCD_DrawRectangle                        0x080007d5   Thumb Code    56  lcd.o(i.LCD_DrawRectangle)
    LCD_Draw_Circle                          0x0800080d   Thumb Code   176  lcd.o(i.LCD_Draw_Circle)
    LCD_Fast_DrawPoint                       0x080008bd   Thumb Code   582  lcd.o(i.LCD_Fast_DrawPoint)
    LCD_Fill                                 0x08000b11   Thumb Code   158  lcd.o(i.LCD_Fill)
    LCD_Init                                 0x08000bbd   Thumb Code 14242  lcd.o(i.LCD_Init)
    LCD_RD_DATA                              0x0800436d   Thumb Code   100  lcd.o(i.LCD_RD_DATA)
    LCD_ReadReg                              0x080043dd   Thumb Code    14  lcd.o(i.LCD_ReadReg)
    LCD_SSD_BackLightSet                     0x080043ed   Thumb Code   142  lcd.o(i.LCD_SSD_BackLightSet)
    LCD_Scan_Dir                             0x08004489   Thumb Code   742  lcd.o(i.LCD_Scan_Dir)
    LCD_SetCursor                            0x0800477d   Thumb Code   838  lcd.o(i.LCD_SetCursor)
    LCD_ShowChar                             0x08004ad1   Thumb Code   182  lcd.o(i.LCD_ShowChar)
    LCD_ShowString                           0x08004b9d   Thumb Code    84  lcd.o(i.LCD_ShowString)
    LCD_WR_DATAX                             0x08004bf1   Thumb Code    26  lcd.o(i.LCD_WR_DATAX)
    LCD_WR_REG                               0x08004c15   Thumb Code    26  lcd.o(i.LCD_WR_REG)
    LCD_WriteRAM_Prepare                     0x08004c39   Thumb Code     8  lcd.o(i.LCD_WriteRAM_Prepare)
    LCD_WriteReg                             0x08004c45   Thumb Code    34  lcd.o(i.LCD_WriteReg)
    MemManage_Handler                        0x08004c71   Thumb Code     2  stm32f10x_it.o(i.MemManage_Handler)
    NMI_Handler                              0x08004c73   Thumb Code     2  stm32f10x_it.o(i.NMI_Handler)
    NVIC_Init                                0x08004c75   Thumb Code    94  misc.o(i.NVIC_Init)
    NVIC_PriorityGroupConfig                 0x08004cd9   Thumb Code    10  misc.o(i.NVIC_PriorityGroupConfig)
    RCC_APB2PeriphClockCmd                   0x08004ced   Thumb Code    18  stm32f10x_rcc.o(i.RCC_APB2PeriphClockCmd)
    RCC_GetClocksFreq                        0x08004d05   Thumb Code   132  stm32f10x_rcc.o(i.RCC_GetClocksFreq)
    SysTick_Handler                          0x08004e41   Thumb Code     4  mos_port.o(i.SysTick_Handler)
    SystemInit                               0x08004e45   Thumb Code    64  system_stm32f10x.o(i.SystemInit)
    USART1_IRQHandler                        0x08004e95   Thumb Code    54  mos_port.o(i.USART1_IRQHandler)
    USART_ClearITPendingBit                  0x08004ed1   Thumb Code    12  stm32f10x_usart.o(i.USART_ClearITPendingBit)
    USART_Cmd                                0x08004edd   Thumb Code    20  stm32f10x_usart.o(i.USART_Cmd)
    USART_GetFlagStatus                      0x08004ef1   Thumb Code    14  stm32f10x_usart.o(i.USART_GetFlagStatus)
    USART_GetITStatus                        0x08004eff   Thumb Code    62  stm32f10x_usart.o(i.USART_GetITStatus)
    USART_ITConfig                           0x08004f3d   Thumb Code    48  stm32f10x_usart.o(i.USART_ITConfig)
    USART_Init                               0x08004f6d   Thumb Code   166  stm32f10x_usart.o(i.USART_Init)
    USART_ReceiveData                        0x08005019   Thumb Code     8  stm32f10x_usart.o(i.USART_ReceiveData)
    USART_SendData                           0x08005021   Thumb Code     8  stm32f10x_usart.o(i.USART_SendData)
    UsageFault_Handler                       0x08005029   Thumb Code     2  stm32f10x_it.o(i.UsageFault_Handler)
    __scatterload_copy                       0x0800502b   Thumb Code    14  handlers.o(i.__scatterload_copy)
    __scatterload_null                       0x08005039   Thumb Code     2  handlers.o(i.__scatterload_null)
    __scatterload_zeroinit                   0x0800503b   Thumb Code    14  handlers.o(i.__scatterload_zeroinit)
    delay_init                               0x08005099   Thumb Code    26  bsp_delay.o(i.delay_init)
    delay_ms                                 0x080050c1   Thumb Code    50  bsp_delay.o(i.delay_ms)
    delay_us                                 0x080050f9   Thumb Code    48  bsp_delay.o(i.delay_us)
    high_task_entry                          0x0800512d   Thumb Code   198  main.o(i.high_task_entry)
    led1_off                                 0x08005209   Thumb Code     8  bsp_led.o(i.led1_off)
    led1_on                                  0x08005215   Thumb Code     8  bsp_led.o(i.led1_on)
    led2_off                                 0x08005221   Thumb Code    10  bsp_led.o(i.led2_off)
    led2_on                                  0x08005231   Thumb Code    10  bsp_led.o(i.led2_on)
    led_init                                 0x08005241   Thumb Code    88  bsp_led.o(i.led_init)
    low_task_entry                           0x080052a1   Thumb Code   154  main.o(i.low_task_entry)
    main                                     0x0800534d   Thumb Code   152  main.o(i.main)
    middle_task_entry                        0x08005441   Thumb Code   200  main.o(i.middle_task_entry)
    mos_get_heap_free_size                   0x08005545   Thumb Code     6  mos_heap.o(i.mos_get_heap_free_size)
    mos_get_heap_total_size                  0x08005551   Thumb Code     6  mos_heap.o(i.mos_get_heap_total_size)
    mos_heap_init                            0x0800555d   Thumb Code    52  mos_heap.o(i.mos_heap_init)
    mos_hw_stack_init                        0x0800559d   Thumb Code   114  mos_hw.o(i.mos_hw_stack_init)
    mos_init_core                            0x08005619   Thumb Code    36  mos_init.o(i.mos_init_core)
    mos_ipc_mutex_creat                      0x08005651   Thumb Code    48  mos_ipc.o(i.mos_ipc_mutex_creat)
    mos_ipc_mutex_give                       0x08005685   Thumb Code    96  mos_ipc.o(i.mos_ipc_mutex_give)
    mos_ipc_mutex_take                       0x080056e5   Thumb Code   128  mos_ipc.o(i.mos_ipc_mutex_take)
    mos_malloc                               0x0800581d   Thumb Code   130  mos_heap.o(i.mos_malloc)
    mos_memset                               0x080058a9   Thumb Code    32  mos_misc.o(i.mos_memset)
    mos_port_bsp_init                        0x080058c9   Thumb Code     8  mos_port.o(i.mos_port_bsp_init)
    mos_port_output                          0x080058d1   Thumb Code    62  mos_port.o(i.mos_port_output)
    mos_port_systick_init                    0x08005915   Thumb Code    48  mos_port.o(i.mos_port_systick_init)
    mos_printf                               0x0800594d   Thumb Code    40  mos_misc.o(i.mos_printf)
    mos_shell_init                           0x08005c79   Thumb Code    60  mos_shell.o(i.mos_shell_init)
    mos_shell_process                        0x08005e8d   Thumb Code   168  mos_shell.o(i.mos_shell_process)
    mos_show_version                         0x080060d5   Thumb Code    70  mos_misc.o(i.mos_show_version)
    mos_strcmp                               0x080061c9   Thumb Code    48  mos_misc.o(i.mos_strcmp)
    mos_strlen                               0x080061f9   Thumb Code    18  mos_misc.o(i.mos_strlen)
    mos_strncpy                              0x0800620b   Thumb Code    52  mos_misc.o(i.mos_strncpy)
    mos_sys_interrupt_enter                  0x08006241   Thumb Code    22  mos_sys.o(i.mos_sys_interrupt_enter)
    mos_sys_interrupt_leave                  0x0800625d   Thumb Code    22  mos_sys.o(i.mos_sys_interrupt_leave)
    mos_task_create                          0x08006279   Thumb Code   144  mos_task.o(i.mos_task_create)
    mos_task_delay                           0x08006335   Thumb Code    30  mos_task.o(i.mos_task_delay)
    mos_task_get_cur_tcb                     0x08006359   Thumb Code     6  mos_task.o(i.mos_task_get_cur_tcb)
    mos_task_get_scheduler_flag              0x08006365   Thumb Code     6  mos_task.o(i.mos_task_get_scheduler_flag)
    mos_task_insert_delay_list               0x08006373   Thumb Code    30  mos_task.o(i.mos_task_insert_delay_list)
    mos_task_insert_ready_table_list         0x08006391   Thumb Code    90  mos_task.o(i.mos_task_insert_ready_table_list)
    mos_task_insert_suspend_list             0x080063f5   Thumb Code    76  mos_task.o(i.mos_task_insert_suspend_list)
    mos_task_remove_delay_list               0x08006445   Thumb Code    44  mos_task.o(i.mos_task_remove_delay_list)
    mos_task_remove_ready_table_list         0x08006479   Thumb Code    46  mos_task.o(i.mos_task_remove_ready_table_list)
    mos_task_scheduler                       0x080064b1   Thumb Code    10  mos_task.o(i.mos_task_scheduler)
    mos_task_scheduler_init                  0x080064bd   Thumb Code    58  mos_task.o(i.mos_task_scheduler_init)
    mos_task_scheduler_start                 0x08006501   Thumb Code   106  mos_task.o(i.mos_task_scheduler_start)
    mos_task_switch_context                  0x080065a1   Thumb Code    62  mos_task.o(i.mos_task_switch_context)
    mos_tick_delay_process                   0x080065e9   Thumb Code    74  mos_tick.o(i.mos_tick_delay_process)
    mos_tick_get_cur_tick_count              0x08006641   Thumb Code     6  mos_tick.o(i.mos_tick_get_cur_tick_count)
    mos_tick_systick_handler                 0x0800664d   Thumb Code    26  mos_tick.o(i.mos_tick_systick_handler)
    mos_tick_systick_init                    0x08006669   Thumb Code    16  mos_tick.o(i.mos_tick_systick_init)
    mos_vsnprintf                            0x08006719   Thumb Code   584  mos_misc.o(i.mos_vsnprintf)
    shell_uart1_init                         0x08006a91   Thumb Code   152  bsp_usart.o(i.shell_uart1_init)
    asc2_1206                                0x08006b30   Data        1140  lcd.o(.constdata)
    asc2_1608                                0x08006fa4   Data        1520  lcd.o(.constdata)
    asc2_2412                                0x08007594   Data        3420  lcd.o(.constdata)
    Region$$Table$$Base                      0x08008314   Number         0  anon$$obj.o(Region$$Table)
    Region$$Table$$Limit                     0x08008334   Number         0  anon$$obj.o(Region$$Table)
    mutex_1                                  0x20000000   Data           4  main.o(.data)
    POINT_COLOR                              0x20000004   Data           2  lcd.o(.data)
    BACK_COLOR                               0x20000006   Data           2  lcd.o(.data)
    g_cur_task_tcb                           0x2000000c   Data           4  mos_task.o(.data)
    g_mos_task_delay_list                    0x2000001c   Data           4  mos_task.o(.data)
    g_mos_task_suspend_list                  0x20000030   Data           8  mos_task.o(.data)
    g_mos_interrupt_nest                     0x20000044   Data           1  mos_sys.o(.data)
    g_mos_task_next_task_unblock_tick        0x2000004c   Data           4  mos_tick.o(.data)
    g_mos_shell_task_list                    0x2000005c   Data           8  mos_shell.o(.data)
    g_mos_shell_ipc_list                     0x20000064   Data           8  mos_shell.o(.data)
    SystemCoreClock                          0x20000080   Data           4  system_stm32f10x.o(.data)
    AHBPrescTable                            0x20000084   Data          16  system_stm32f10x.o(.data)
    task1_tcb                                0x20000094   Data          76  main.o(.bss)
    task2_tcb                                0x200000e0   Data          76  main.o(.bss)
    task3_tcb                                0x2000012c   Data          76  main.o(.bss)
    lcddev                                   0x20000178   Data          14  lcd.o(.bss)
    g_mos_task_list_ready_table              0x200001d4   Data         128  mos_task.o(.bss)
    __initial_sp                             0x20005b20   Data           0  startup_stm32f10x_hd.o(STACK)



==============================================================================

Memory Map of the image

  Image Entry point : 0x08000131

  Load Region LR_IROM1 (Base: 0x08000000, Size: 0x000083c8, Max: 0x00040000, ABSOLUTE)

    Execution Region ER_IROM1 (Exec base: 0x08000000, Load base: 0x08000000, Size: 0x00008334, Max: 0x00040000, ABSOLUTE)

    Exec Addr    Load Addr    Size         Type   Attr      Idx    E Section Name        Object

    0x08000000   0x08000000   0x00000130   Data   RO         2339    RESET               startup_stm32f10x_hd.o
    0x08000130   0x08000130   0x00000000   Code   RO         2344  * .ARM.Collect$$$$00000000  mc_w.l(entry.o)
    0x08000130   0x08000130   0x00000004   Code   RO         2353    .ARM.Collect$$$$00000001  mc_w.l(entry2.o)
    0x08000134   0x08000134   0x00000004   Code   RO         2356    .ARM.Collect$$$$00000004  mc_w.l(entry5.o)
    0x08000138   0x08000138   0x00000000   Code   RO         2358    .ARM.Collect$$$$00000008  mc_w.l(entry7b.o)
    0x08000138   0x08000138   0x00000000   Code   RO         2360    .ARM.Collect$$$$0000000A  mc_w.l(entry8b.o)
    0x08000138   0x08000138   0x00000008   Code   RO         2361    .ARM.Collect$$$$0000000B  mc_w.l(entry9a.o)
    0x08000140   0x08000140   0x00000000   Code   RO         2363    .ARM.Collect$$$$0000000D  mc_w.l(entry10a.o)
    0x08000140   0x08000140   0x00000000   Code   RO         2365    .ARM.Collect$$$$0000000F  mc_w.l(entry11a.o)
    0x08000140   0x08000140   0x00000004   Code   RO         2354    .ARM.Collect$$$$00002712  mc_w.l(entry2.o)
    0x08000144   0x08000144   0x00000094   Code   RO         1102    .text               mos_port_asm.o
    0x080001d8   0x080001d8   0x00000024   Code   RO         2340    .text               startup_stm32f10x_hd.o
    0x080001fc   0x080001fc   0x000000e4   Code   RO         2347    .text               mf_w.l(dmul.o)
    0x080002e0   0x080002e0   0x0000001a   Code   RO         2349    .text               mf_w.l(dfltui.o)
    0x080002fa   0x080002fa   0x00000032   Code   RO         2351    .text               mf_w.l(dfixui.o)
    0x0800032c   0x0800032c   0x00000020   Code   RO         2367    .text               mc_w.l(llushr.o)
    0x0800034c   0x0800034c   0x00000000   Code   RO         2369    .text               mc_w.l(iusefp.o)
    0x0800034c   0x0800034c   0x000000ba   Code   RO         2370    .text               mf_w.l(depilogue.o)
    0x08000406   0x08000406   0x00000002   PAD
    0x08000408   0x08000408   0x00000024   Code   RO         2372    .text               mc_w.l(init.o)
    0x0800042c   0x0800042c   0x0000001e   Code   RO         2374    .text               mc_w.l(llshl.o)
    0x0800044a   0x0800044a   0x00000002   Code   RO         2263    i.BusFault_Handler  stm32f10x_it.o
    0x0800044c   0x0800044c   0x00000002   Code   RO         2264    i.DebugMon_Handler  stm32f10x_it.o
    0x0800044e   0x0800044e   0x0000009c   Code   RO         1217    i.GPIO_Init         stm32f10x_gpio.o
    0x080004ea   0x080004ea   0x00000002   PAD
    0x080004ec   0x080004ec   0x00000058   Code   RO         1219    i.GPIO_PinRemapConfig  stm32f10x_gpio.o
    0x08000544   0x08000544   0x00000004   Code   RO         1224    i.GPIO_ResetBits    stm32f10x_gpio.o
    0x08000548   0x08000548   0x00000004   Code   RO         1225    i.GPIO_SetBits      stm32f10x_gpio.o
    0x0800054c   0x0800054c   0x00000002   Code   RO         2265    i.HardFault_Handler  stm32f10x_it.o
    0x0800054e   0x0800054e   0x00000002   PAD
    0x08000550   0x08000550   0x00000084   Code   RO          295    i.LCD_Clear         lcd.o
    0x080005d4   0x080005d4   0x00000134   Code   RO          299    i.LCD_Display_Dir   lcd.o
    0x08000708   0x08000708   0x00000096   Code   RO          300    i.LCD_DrawLine      lcd.o
    0x0800079e   0x0800079e   0x00000002   PAD
    0x080007a0   0x080007a0   0x00000034   Code   RO          301    i.LCD_DrawPoint     lcd.o
    0x080007d4   0x080007d4   0x00000038   Code   RO          302    i.LCD_DrawRectangle  lcd.o
    0x0800080c   0x0800080c   0x000000b0   Code   RO          303    i.LCD_Draw_Circle   lcd.o
    0x080008bc   0x080008bc   0x00000254   Code   RO          304    i.LCD_Fast_DrawPoint  lcd.o
    0x08000b10   0x08000b10   0x000000ac   Code   RO          305    i.LCD_Fill          lcd.o
    0x08000bbc   0x08000bbc   0x000037b0   Code   RO          306    i.LCD_Init          lcd.o
    0x0800436c   0x0800436c   0x00000070   Code   RO          308    i.LCD_RD_DATA       lcd.o
    0x080043dc   0x080043dc   0x0000000e   Code   RO          310    i.LCD_ReadReg       lcd.o
    0x080043ea   0x080043ea   0x00000002   PAD
    0x080043ec   0x080043ec   0x0000009c   Code   RO          311    i.LCD_SSD_BackLightSet  lcd.o
    0x08004488   0x08004488   0x000002f4   Code   RO          312    i.LCD_Scan_Dir      lcd.o
    0x0800477c   0x0800477c   0x00000354   Code   RO          313    i.LCD_SetCursor     lcd.o
    0x08004ad0   0x08004ad0   0x000000cc   Code   RO          315    i.LCD_ShowChar      lcd.o
    0x08004b9c   0x08004b9c   0x00000054   Code   RO          317    i.LCD_ShowString    lcd.o
    0x08004bf0   0x08004bf0   0x00000024   Code   RO          319    i.LCD_WR_DATAX      lcd.o
    0x08004c14   0x08004c14   0x00000024   Code   RO          320    i.LCD_WR_REG        lcd.o
    0x08004c38   0x08004c38   0x0000000c   Code   RO          322    i.LCD_WriteRAM_Prepare  lcd.o
    0x08004c44   0x08004c44   0x0000002c   Code   RO          323    i.LCD_WriteReg      lcd.o
    0x08004c70   0x08004c70   0x00000002   Code   RO         2266    i.MemManage_Handler  stm32f10x_it.o
    0x08004c72   0x08004c72   0x00000002   Code   RO         2267    i.NMI_Handler       stm32f10x_it.o
    0x08004c74   0x08004c74   0x00000064   Code   RO         1106    i.NVIC_Init         misc.o
    0x08004cd8   0x08004cd8   0x00000014   Code   RO         1107    i.NVIC_PriorityGroupConfig  misc.o
    0x08004cec   0x08004cec   0x00000018   Code   RO         1335    i.RCC_APB2PeriphClockCmd  stm32f10x_rcc.o
    0x08004d04   0x08004d04   0x00000094   Code   RO         1343    i.RCC_GetClocksFreq  stm32f10x_rcc.o
    0x08004d98   0x08004d98   0x000000a8   Code   RO         2308    i.SetSysClockTo72   system_stm32f10x.o
    0x08004e40   0x08004e40   0x00000004   Code   RO         1042    i.SysTick_Handler   mos_port.o
    0x08004e44   0x08004e44   0x00000050   Code   RO         2310    i.SystemInit        system_stm32f10x.o
    0x08004e94   0x08004e94   0x0000003c   Code   RO         1043    i.USART1_IRQHandler  mos_port.o
    0x08004ed0   0x08004ed0   0x0000000c   Code   RO         2071    i.USART_ClearITPendingBit  stm32f10x_usart.o
    0x08004edc   0x08004edc   0x00000014   Code   RO         2074    i.USART_Cmd         stm32f10x_usart.o
    0x08004ef0   0x08004ef0   0x0000000e   Code   RO         2077    i.USART_GetFlagStatus  stm32f10x_usart.o
    0x08004efe   0x08004efe   0x0000003e   Code   RO         2078    i.USART_GetITStatus  stm32f10x_usart.o
    0x08004f3c   0x08004f3c   0x00000030   Code   RO         2080    i.USART_ITConfig    stm32f10x_usart.o
    0x08004f6c   0x08004f6c   0x000000ac   Code   RO         2081    i.USART_Init        stm32f10x_usart.o
    0x08005018   0x08005018   0x00000008   Code   RO         2088    i.USART_ReceiveData  stm32f10x_usart.o
    0x08005020   0x08005020   0x00000008   Code   RO         2091    i.USART_SendData    stm32f10x_usart.o
    0x08005028   0x08005028   0x00000002   Code   RO         2268    i.UsageFault_Handler  stm32f10x_it.o
    0x0800502a   0x0800502a   0x0000000e   Code   RO         2378    i.__scatterload_copy  mc_w.l(handlers.o)
    0x08005038   0x08005038   0x00000002   Code   RO         2379    i.__scatterload_null  mc_w.l(handlers.o)
    0x0800503a   0x0800503a   0x0000000e   Code   RO         2380    i.__scatterload_zeroinit  mc_w.l(handlers.o)
    0x08005048   0x08005048   0x00000050   Code   RO          750    i.block_insert_free_list  mos_heap.o
    0x08005098   0x08005098   0x00000028   Code   RO          494    i.delay_init        bsp_delay.o
    0x080050c0   0x080050c0   0x00000038   Code   RO          495    i.delay_ms          bsp_delay.o
    0x080050f8   0x080050f8   0x00000034   Code   RO          496    i.delay_us          bsp_delay.o
    0x0800512c   0x0800512c   0x000000dc   Code   RO            1    i.high_task_entry   main.o
    0x08005208   0x08005208   0x0000000c   Code   RO          212    i.led1_off          bsp_led.o
    0x08005214   0x08005214   0x0000000c   Code   RO          213    i.led1_on           bsp_led.o
    0x08005220   0x08005220   0x00000010   Code   RO          214    i.led2_off          bsp_led.o
    0x08005230   0x08005230   0x00000010   Code   RO          215    i.led2_on           bsp_led.o
    0x08005240   0x08005240   0x00000060   Code   RO          216    i.led_init          bsp_led.o
    0x080052a0   0x080052a0   0x000000ac   Code   RO            2    i.low_task_entry    main.o
    0x0800534c   0x0800534c   0x000000f4   Code   RO            3    i.main              main.o
    0x08005440   0x08005440   0x000000dc   Code   RO            4    i.middle_task_entry  main.o
    0x0800551c   0x0800551c   0x00000028   Code   RO          803    i.mos_atoi          mos_misc.o
    0x08005544   0x08005544   0x0000000c   Code   RO          752    i.mos_get_heap_free_size  mos_heap.o
    0x08005550   0x08005550   0x0000000c   Code   RO          753    i.mos_get_heap_total_size  mos_heap.o
    0x0800555c   0x0800555c   0x00000040   Code   RO          754    i.mos_heap_init     mos_heap.o
    0x0800559c   0x0800559c   0x00000078   Code   RO         1082    i.mos_hw_stack_init  mos_hw.o
    0x08005614   0x08005614   0x00000002   Code   RO         1083    i.mos_hw_task_exit_error  mos_hw.o
    0x08005616   0x08005616   0x00000002   PAD
    0x08005618   0x08005618   0x00000038   Code   RO          878    i.mos_init_core     mos_init.o
    0x08005650   0x08005650   0x00000034   Code   RO          678    i.mos_ipc_mutex_creat  mos_ipc.o
    0x08005684   0x08005684   0x00000060   Code   RO          679    i.mos_ipc_mutex_give  mos_ipc.o
    0x080056e4   0x080056e4   0x00000080   Code   RO          680    i.mos_ipc_mutex_take  mos_ipc.o
    0x08005764   0x08005764   0x0000002c   Code   RO          684    i.mos_ipc_task_resume  mos_ipc.o
    0x08005790   0x08005790   0x00000012   Code   RO          685    i.mos_ipc_task_suspend  mos_ipc.o
    0x080057a2   0x080057a2   0x0000000e   Code   RO          526    i.mos_list_head_insert  mos_task.o
    0x080057b0   0x080057b0   0x0000000e   Code   RO          527    i.mos_list_is_empty  mos_task.o
    0x080057be   0x080057be   0x0000000e   Code   RO          686    i.mos_list_is_empty  mos_ipc.o
    0x080057cc   0x080057cc   0x0000000e   Code   RO          923    i.mos_list_is_empty  mos_tick.o
    0x080057da   0x080057da   0x00000012   Code   RO          528    i.mos_list_node_delete  mos_task.o
    0x080057ec   0x080057ec   0x00000012   Code   RO          924    i.mos_list_node_delete  mos_tick.o
    0x080057fe   0x080057fe   0x0000000e   Code   RO          529    i.mos_list_tail_insert  mos_task.o
    0x0800580c   0x0800580c   0x0000000e   Code   RO          687    i.mos_list_tail_insert  mos_ipc.o
    0x0800581a   0x0800581a   0x00000002   PAD
    0x0800581c   0x0800581c   0x0000008c   Code   RO          755    i.mos_malloc        mos_heap.o
    0x080058a8   0x080058a8   0x00000020   Code   RO          805    i.mos_memset        mos_misc.o
    0x080058c8   0x080058c8   0x00000008   Code   RO         1044    i.mos_port_bsp_init  mos_port.o
    0x080058d0   0x080058d0   0x00000044   Code   RO         1045    i.mos_port_output   mos_port.o
    0x08005914   0x08005914   0x00000038   Code   RO         1046    i.mos_port_systick_init  mos_port.o
    0x0800594c   0x0800594c   0x0000002c   Code   RO          806    i.mos_printf        mos_misc.o
    0x08005978   0x08005978   0x000001f8   Code   RO          983    i.mos_shell_cmd     mos_shell.o
    0x08005b70   0x08005b70   0x00000108   Code   RO          984    i.mos_shell_help_cmd  mos_shell.o
    0x08005c78   0x08005c78   0x00000040   Code   RO          985    i.mos_shell_init    mos_shell.o
    0x08005cb8   0x08005cb8   0x00000120   Code   RO          986    i.mos_shell_ipc_cmd  mos_shell.o
    0x08005dd8   0x08005dd8   0x000000b4   Code   RO          987    i.mos_shell_ls_cmd  mos_shell.o
    0x08005e8c   0x08005e8c   0x000000b8   Code   RO          988    i.mos_shell_process  mos_shell.o
    0x08005f44   0x08005f44   0x00000190   Code   RO          989    i.mos_shell_task_cmd  mos_shell.o
    0x080060d4   0x080060d4   0x000000f4   Code   RO          807    i.mos_show_version  mos_misc.o
    0x080061c8   0x080061c8   0x00000030   Code   RO          808    i.mos_strcmp        mos_misc.o
    0x080061f8   0x080061f8   0x00000012   Code   RO          809    i.mos_strlen        mos_misc.o
    0x0800620a   0x0800620a   0x00000034   Code   RO          810    i.mos_strncpy       mos_misc.o
    0x0800623e   0x0800623e   0x00000002   PAD
    0x08006240   0x08006240   0x0000001c   Code   RO          894    i.mos_sys_interrupt_enter  mos_sys.o
    0x0800625c   0x0800625c   0x0000001c   Code   RO          895    i.mos_sys_interrupt_leave  mos_sys.o
    0x08006278   0x08006278   0x000000bc   Code   RO          530    i.mos_task_create   mos_task.o
    0x08006334   0x08006334   0x00000024   Code   RO          531    i.mos_task_delay    mos_task.o
    0x08006358   0x08006358   0x0000000c   Code   RO          532    i.mos_task_get_cur_tcb  mos_task.o
    0x08006364   0x08006364   0x0000000c   Code   RO          533    i.mos_task_get_scheduler_flag  mos_task.o
    0x08006370   0x08006370   0x00000002   Code   RO          534    i.mos_task_idle_entry  mos_task.o
    0x08006372   0x08006372   0x0000001e   Code   RO          535    i.mos_task_insert_delay_list  mos_task.o
    0x08006390   0x08006390   0x00000064   Code   RO          536    i.mos_task_insert_ready_table_list  mos_task.o
    0x080063f4   0x080063f4   0x00000050   Code   RO          537    i.mos_task_insert_suspend_list  mos_task.o
    0x08006444   0x08006444   0x00000034   Code   RO          538    i.mos_task_remove_delay_list  mos_task.o
    0x08006478   0x08006478   0x00000038   Code   RO          539    i.mos_task_remove_ready_table_list  mos_task.o
    0x080064b0   0x080064b0   0x0000000a   Code   RO          541    i.mos_task_scheduler  mos_task.o
    0x080064ba   0x080064ba   0x00000002   PAD
    0x080064bc   0x080064bc   0x00000044   Code   RO          543    i.mos_task_scheduler_init  mos_task.o
    0x08006500   0x08006500   0x000000a0   Code   RO          545    i.mos_task_scheduler_start  mos_task.o
    0x080065a0   0x080065a0   0x00000048   Code   RO          547    i.mos_task_switch_context  mos_task.o
    0x080065e8   0x080065e8   0x00000058   Code   RO          925    i.mos_tick_delay_process  mos_tick.o
    0x08006640   0x08006640   0x0000000c   Code   RO          926    i.mos_tick_get_cur_tick_count  mos_tick.o
    0x0800664c   0x0800664c   0x0000001a   Code   RO          927    i.mos_tick_systick_handler  mos_tick.o
    0x08006666   0x08006666   0x00000002   PAD
    0x08006668   0x08006668   0x00000014   Code   RO          928    i.mos_tick_systick_init  mos_tick.o
    0x0800667c   0x0800667c   0x0000009c   Code   RO          929    i.mos_tick_tickcount_increase  mos_tick.o
    0x08006718   0x08006718   0x00000250   Code   RO          812    i.mos_vsnprintf     mos_misc.o
    0x08006968   0x08006968   0x00000128   Code   RO          813    i.print_number      mos_misc.o
    0x08006a90   0x08006a90   0x000000a0   Code   RO          266    i.shell_uart1_init  bsp_usart.o
    0x08006b30   0x08006b30   0x000017c0   Data   RO          326    .constdata          lcd.o
    0x080082f0   0x080082f0   0x00000022   Data   RO          815    .constdata          mos_misc.o
    0x08008312   0x08008312   0x00000002   PAD
    0x08008314   0x08008314   0x00000020   Data   RO         2376    Region$$Table       anon$$obj.o


    Execution Region RW_IRAM1 (Exec base: 0x20000000, Load base: 0x08008334, Size: 0x00005b20, Max: 0x0000c000, ABSOLUTE)

    Exec Addr    Load Addr    Size         Type   Attr      Idx    E Section Name        Object

    0x20000000   0x08008334   0x00000004   Data   RW           10    .data               main.o
    0x20000004   0x08008338   0x00000004   Data   RW          327    .data               lcd.o
    0x20000008   0x0800833c   0x00000004   Data   RW          498    .data               bsp_delay.o
    0x2000000c   0x08008340   0x0000002c   Data   RW          549    .data               mos_task.o
    0x20000038   0x0800836c   0x0000000c   Data   RW          757    .data               mos_heap.o
    0x20000044   0x08008378   0x00000001   Data   RW          896    .data               mos_sys.o
    0x20000045   0x08008379   0x00000003   PAD
    0x20000048   0x0800837c   0x0000000c   Data   RW          930    .data               mos_tick.o
    0x20000054   0x08008388   0x00000018   Data   RW          991    .data               mos_shell.o
    0x2000006c   0x080083a0   0x00000014   Data   RW         1363    .data               stm32f10x_rcc.o
    0x20000080   0x080083b4   0x00000014   Data   RW         2311    .data               system_stm32f10x.o
    0x20000094        -       0x000000e4   Zero   RW            5    .bss                main.o
    0x20000178        -       0x0000000e   Zero   RW          325    .bss                lcd.o
    0x20000186   0x080083c8   0x00000002   PAD
    0x20000188        -       0x000000cc   Zero   RW          548    .bss                mos_task.o
    0x20000254        -       0x0000500c   Zero   RW          756    .bss                mos_heap.o
    0x20005260        -       0x00000080   Zero   RW          814    .bss                mos_misc.o
    0x200052e0        -       0x00000040   Zero   RW          990    .bss                mos_shell.o
    0x20005320        -       0x00000800   Zero   RW         2337    STACK               startup_stm32f10x_hd.o


==============================================================================

Image component sizes


      Code (inc. data)   RO Data    RW Data    ZI Data      Debug   

     26496       2002       6452        148      23180     393168   Object Totals
         0          0         32          0          0          0   (incl. Generated)
        18          0          2          3          2          0   (incl. Padding)
       640         16          0          0          0        628   Library Totals
         2          0          0          0          0          0   (incl. Padding)

==============================================================================


      Code (inc. data)   RO Data    RW Data    ZI Data      Debug   

     27136       2018       6452        148      23180     387604   Grand Totals
     27136       2018       6452        148      23180     387604   ELF Image Totals
     27136       2018       6452        148          0          0   ROM Totals

==============================================================================

    Total RO  Size (Code + RO Data)                33588 (  32.80kB)
    Total RW  Size (RW Data + ZI Data)             23328 (  22.78kB)
    Total ROM Size (Code + RO Data + RW Data)      33736 (  32.95kB)

==============================================================================

